Archive member included to satisfy reference by file (symbol)

/home/buu/Workspace/Tools/gcc-arm-none-eabi-10.3-2021.10/arm-none-eabi/lib/thumb/v7-m/nofp/libc.a(lib_a-atof.o)
                              build_ak-base-kit-stm32l151-application/WString.o (atof)
/home/buu/Workspace/Tools/gcc-arm-none-eabi-10.3-2021.10/arm-none-eabi/lib/thumb/v7-m/nofp/libc.a(lib_a-atol.o)
                              build_ak-base-kit-stm32l151-application/WString.o (atol)
/home/buu/Workspace/Tools/gcc-arm-none-eabi-10.3-2021.10/arm-none-eabi/lib/thumb/v7-m/nofp/libc.a(lib_a-isspace.o)
                              build_ak-base-kit-stm32l151-application/WString.o (isspace)
/home/buu/Workspace/Tools/gcc-arm-none-eabi-10.3-2021.10/arm-none-eabi/lib/thumb/v7-m/nofp/libc.a(lib_a-malloc.o)
                              build_ak-base-kit-stm32l151-application/message.o (malloc)
/home/buu/Workspace/Tools/gcc-arm-none-eabi-10.3-2021.10/arm-none-eabi/lib/thumb/v7-m/nofp/libc.a(lib_a-mallocr.o)
                              /home/buu/Workspace/Tools/gcc-arm-none-eabi-10.3-2021.10/arm-none-eabi/lib/thumb/v7-m/nofp/libc.a(lib_a-malloc.o) (_malloc_r)
/home/buu/Workspace/Tools/gcc-arm-none-eabi-10.3-2021.10/arm-none-eabi/lib/thumb/v7-m/nofp/libc.a(lib_a-memcmp.o)
                              build_ak-base-kit-stm32l151-application/mbmfuncfiles.o (memcmp)
/home/buu/Workspace/Tools/gcc-arm-none-eabi-10.3-2021.10/arm-none-eabi/lib/thumb/v7-m/nofp/libc.a(lib_a-memcpy.o)
                              build_ak-base-kit-stm32l151-application/message.o (memcpy)
/home/buu/Workspace/Tools/gcc-arm-none-eabi-10.3-2021.10/arm-none-eabi/lib/thumb/v7-m/nofp/libc.a(lib_a-memmove.o)
                              build_ak-base-kit-stm32l151-application/WString.o (memmove)
/home/buu/Workspace/Tools/gcc-arm-none-eabi-10.3-2021.10/arm-none-eabi/lib/thumb/v7-m/nofp/libc.a(lib_a-memset.o)
                              build_ak-base-kit-stm32l151-application/task.o (memset)
/home/buu/Workspace/Tools/gcc-arm-none-eabi-10.3-2021.10/arm-none-eabi/lib/thumb/v7-m/nofp/libc.a(lib_a-mlock.o)
                              /home/buu/Workspace/Tools/gcc-arm-none-eabi-10.3-2021.10/arm-none-eabi/lib/thumb/v7-m/nofp/libc.a(lib_a-mallocr.o) (__malloc_lock)
/home/buu/Workspace/Tools/gcc-arm-none-eabi-10.3-2021.10/arm-none-eabi/lib/thumb/v7-m/nofp/libc.a(lib_a-rand.o)
                              build_ak-base-kit-stm32l151-application/WMath.o (srand)
/home/buu/Workspace/Tools/gcc-arm-none-eabi-10.3-2021.10/arm-none-eabi/lib/thumb/v7-m/nofp/libc.a(lib_a-realloc.o)
                              build_ak-base-kit-stm32l151-application/WString.o (realloc)
/home/buu/Workspace/Tools/gcc-arm-none-eabi-10.3-2021.10/arm-none-eabi/lib/thumb/v7-m/nofp/libc.a(lib_a-reallocr.o)
                              /home/buu/Workspace/Tools/gcc-arm-none-eabi-10.3-2021.10/arm-none-eabi/lib/thumb/v7-m/nofp/libc.a(lib_a-realloc.o) (_realloc_r)
/home/buu/Workspace/Tools/gcc-arm-none-eabi-10.3-2021.10/arm-none-eabi/lib/thumb/v7-m/nofp/libc.a(lib_a-sbrkr.o)
                              /home/buu/Workspace/Tools/gcc-arm-none-eabi-10.3-2021.10/arm-none-eabi/lib/thumb/v7-m/nofp/libc.a(lib_a-mallocr.o) (_sbrk_r)
/home/buu/Workspace/Tools/gcc-arm-none-eabi-10.3-2021.10/arm-none-eabi/lib/thumb/v7-m/nofp/libc.a(lib_a-strcat.o)
                              build_ak-base-kit-stm32l151-application/dtostrf.o (strcat)
/home/buu/Workspace/Tools/gcc-arm-none-eabi-10.3-2021.10/arm-none-eabi/lib/thumb/v7-m/nofp/libc.a(lib_a-strchr.o)
                              build_ak-base-kit-stm32l151-application/WString.o (strchr)
/home/buu/Workspace/Tools/gcc-arm-none-eabi-10.3-2021.10/arm-none-eabi/lib/thumb/v7-m/nofp/libc.a(lib_a-strcmp.o)
                              build_ak-base-kit-stm32l151-application/cmd_line.o (strcmp)
/home/buu/Workspace/Tools/gcc-arm-none-eabi-10.3-2021.10/arm-none-eabi/lib/thumb/v7-m/nofp/libc.a(lib_a-strcpy.o)
                              build_ak-base-kit-stm32l151-application/sys_dbg.o (strcpy)
/home/buu/Workspace/Tools/gcc-arm-none-eabi-10.3-2021.10/arm-none-eabi/lib/thumb/v7-m/nofp/libc.a(lib_a-strlen-stub.o)
                              build_ak-base-kit-stm32l151-application/xprintf.o (strlen)
/home/buu/Workspace/Tools/gcc-arm-none-eabi-10.3-2021.10/arm-none-eabi/lib/thumb/v7-m/nofp/libc.a(lib_a-strncmp.o)
                              build_ak-base-kit-stm32l151-application/WString.o (strncmp)
/home/buu/Workspace/Tools/gcc-arm-none-eabi-10.3-2021.10/arm-none-eabi/lib/thumb/v7-m/nofp/libc.a(lib_a-strncpy.o)
                              build_ak-base-kit-stm32l151-application/WString.o (strncpy)
/home/buu/Workspace/Tools/gcc-arm-none-eabi-10.3-2021.10/arm-none-eabi/lib/thumb/v7-m/nofp/libc.a(lib_a-strrchr.o)
                              build_ak-base-kit-stm32l151-application/WString.o (strrchr)
/home/buu/Workspace/Tools/gcc-arm-none-eabi-10.3-2021.10/arm-none-eabi/lib/thumb/v7-m/nofp/libc.a(lib_a-strstr.o)
[...]
Memory Configuration

Name             Origin             Length             Attributes
BSF              0x0000000008002000 0x0000000000001000 xr
FLASH            0x0000000008003000 0x000000000001d000 xr
SRAM             0x0000000020000000 0x0000000000004000 xrw
*default*        0x0000000000000000 0xffffffffffffffff

Linker script and memory map

                0x0000000000000800                HEAP_SIZE = 0x800

.start_boot_share_data_flash
                0x0000000008002000        0x0
                0x0000000008002000                _start_boot_share_data_flash = .

.start_flash    0x0000000008003000        0x0
                0x0000000008003000                _start_flash = .

.isr_vector     0x0000000008003000       0xf4
                0x0000000008003000                _isr_vector = .
 *(.isr_vector)
 .isr_vector    0x0000000008003000       0xf4 build_ak-base-kit-stm32l151-application/system.o
                0x0000000008003000                isr_vector
                0x00000000080030f4                . = ALIGN (0x4)

.text           0x00000000080030f8     0xef88
                0x00000000080030f8                . = ALIGN (0x4)
 *(.text)
 .text          0x00000000080030f8       0xec /home/buu/Workspace/Tools/gcc-arm-none-eabi-10.3-2021.10/arm-none-eabi/lib/thumb/v7-m/nofp/libc.a(lib_a-memcpy.o)
                0x00000000080030f8                memcpy
 .text          0x00000000080031e4      0x1bc /home/buu/Workspace/Tools/gcc-arm-none-eabi-10.3-2021.10/arm-none-eabi/lib/thumb/v7-m/nofp/libc.a(lib_a-strcmp.o)
                0x00000000080031e4                strcmp
 .text          0x00000000080033a0      0x378 /home/buu/Workspace/Tools/gcc-arm-none-eabi-10.3-2021.10/lib/gcc/arm-none-eabi/10.3.1/thumb/v7-m/nofp/libgcc.a(_arm_addsubdf3.o)
                0x00000000080033a0                __aeabi_drsub
                0x00000000080033a8                __aeabi_dsub
                0x00000000080033a8                __subdf3
                0x00000000080033ac                __adddf3
                0x00000000080033ac                __aeabi_dadd
                0x0000000008003624                __aeabi_ui2d
                0x0000000008003624                __floatunsidf
                0x0000000008003644                __floatsidf
                0x0000000008003644                __aeabi_i2d
                0x0000000008003668                __extendsfdf2
                0x0000000008003668                __aeabi_f2d
                0x00000000080036ac                __aeabi_ul2d
                0x00000000080036ac                __floatundidf
                0x00000000080036bc                __floatdidf
                0x00000000080036bc                __aeabi_l2d
 .text          0x0000000008003718      0x424 /home/buu/Workspace/Tools/gcc-arm-none-eabi-10.3-2021.10/lib/gcc/arm-none-eabi/10.3.1/thumb/v7-m/nofp/libgcc.a(_arm_muldivdf3.o)
                0x0000000008003718                __aeabi_dmul
                0x0000000008003718                __muldf3
                0x000000000800396c                __aeabi_ddiv
                0x000000000800396c                __divdf3
 .text          0x0000000008003b3c      0x110 /home/buu/Workspace/Tools/gcc-arm-none-eabi-10.3-2021.10/lib/gcc/arm-none-eabi/10.3.1/thumb/v7-m/nofp/libgcc.a(_arm_cmpdf2.o)
                0x0000000008003b3c                __gtdf2
                0x0000000008003b3c                __gedf2
                0x0000000008003b44                __ltdf2
                0x0000000008003b44                __ledf2
                0x0000000008003b4c                __cmpdf2
                0x0000000008003b4c                __eqdf2
                0x0000000008003b4c                __nedf2
                0x0000000008003bc8                __aeabi_cdrcmple
                0x0000000008003bd8                __aeabi_cdcmple
                0x0000000008003bd8                __aeabi_cdcmpeq
                0x0000000008003be8                __aeabi_dcmpeq
                0x0000000008003bfc                __aeabi_dcmplt
                0x0000000008003c10                __aeabi_dcmple
                0x0000000008003c24                __aeabi_dcmpge
                0x0000000008003c38                __aeabi_dcmpgt
 .text          0x0000000008003c4c       0x2c /home/buu/Workspace/Tools/gcc-arm-none-eabi-10.3-2021.10/lib/gcc/arm-none-eabi/10.3.1/thumb/v7-m/nofp/libgcc.a(_arm_unorddf2.o)
                0x0000000008003c4c                __aeabi_dcmpun
                0x0000000008003c4c                __unorddf2
 .text          0x0000000008003c78       0x50 /home/buu/Workspace/Tools/gcc-arm-none-eabi-10.3-2021.10/lib/gcc/arm-none-eabi/10.3.1/thumb/v7-m/nofp/libgcc.a(_arm_fixdfsi.o)
                0x0000000008003c78                __fixdfsi
                0x0000000008003c78                __aeabi_d2iz
 .text          0x0000000008003cc8       0x40 /home/buu/Workspace/Tools/gcc-arm-none-eabi-10.3-2021.10/lib/gcc/arm-none-eabi/10.3.1/thumb/v7-m/nofp/libgcc.a(_arm_fixunsdfsi.o)
                0x0000000008003cc8                __fixunsdfsi
                0x0000000008003cc8                __aeabi_d2uiz
 .text          0x0000000008003d08      0x21c /home/buu/Workspace/Tools/gcc-arm-none-eabi-10.3-2021.10/lib/gcc/arm-none-eabi/10.3.1/thumb/v7-m/nofp/libgcc.a(_arm_addsubsf3.o)
                0x0000000008003d08                __aeabi_frsub
                0x0000000008003d10                __subsf3
                0x0000000008003d10                __aeabi_fsub
                0x0000000008003d14                __aeabi_fadd
                0x0000000008003d14                __addsf3
                0x0000000008003e74                __aeabi_ui2f
                0x0000000008003e74                __floatunsisf
                0x0000000008003e7c                __aeabi_i2f
                0x0000000008003e7c                __floatsisf
                0x0000000008003e98                __floatundisf
                0x0000000008003e98                __aeabi_ul2f
                0x0000000008003ea8                __floatdisf
                0x0000000008003ea8                __aeabi_l2f
 .text          0x0000000008003f24       0x30 /home/buu/Workspace/Tools/gcc-arm-none-eabi-10.3-2021.10/lib/gcc/arm-none-eabi/10.3.1/thumb/v7-m/nofp/libgcc.a(_aeabi_uldivmod.o)
                0x0000000008003f24                __aeabi_uldivmod
 .text          0x0000000008003f54      0x2d4 /home/buu/Workspace/Tools/gcc-arm-none-eabi-10.3-2021.10/lib/gcc/arm-none-eabi/10.3.1/thumb/v7-m/nofp/libgcc.a(_udivmoddi4.o)
                0x0000000008003f54                __udivmoddi4
 .text          0x0000000008004228        0x4 /home/buu/Workspace/Tools/gcc-arm-none-eabi-10.3-2021.10/lib/gcc/arm-none-eabi/10.3.1/thumb/v7-m/nofp/libgcc.a(_dvmd_tls.o)
                0x0000000008004228                __aeabi_ldiv0
                0x0000000008004228                __aeabi_idiv0
 *(.text*)
 .text.fsm_dispatch
                0x000000000800422c        0x6 build_ak-base-kit-stm32l151-application/fsm.o
                0x000000000800422c                fsm_dispatch
 *fill*         0x0000000008004232        0x2 
 .text.task_create
                0x0000000008004234       0x3c build_ak-base-kit-stm32l151-application/task.o
                0x0000000008004234                task_create
 .text.task_polling_create
                0x0000000008004270       0x34 build_ak-base-kit-stm32l151-application/task.o
                0x0000000008004270                task_polling_create
 .text.task_post
                0x00000000080042a4       0x84 build_ak-base-kit-stm32l151-application/task.o
                0x00000000080042a4                task_post
 .text.task_remove_msg
                0x0000000008004328       0xb4 build_ak-base-kit-stm32l151-application/task.o
                0x0000000008004328                task_remove_msg
 .text.task_post_pure_msg
                0x00000000080043dc       0x18 build_ak-base-kit-stm32l151-application/task.o
                0x00000000080043dc                task_post_pure_msg
 .text.task_post_common_msg
                0x00000000080043f4       0x2a build_ak-base-kit-stm32l151-application/task.o
                0x00000000080043f4                task_post_common_msg
 *fill*         0x000000000800441e        0x2 
 .text.task_entry_interrupt
                0x0000000008004420       0x1c build_ak-base-kit-stm32l151-application/task.o
                0x0000000008004420                task_entry_interrupt
 .text.task_exit_interrupt
                0x000000000800443c       0x24 build_ak-base-kit-stm32l151-application/task.o
                0x000000000800443c                task_exit_interrupt
 .text.task_init
                0x0000000008004460       0x40 build_ak-base-kit-stm32l151-application/task.o
                0x0000000008004460                task_init
 .text.task_polling_run
                0x00000000080044a0       0x34 build_ak-base-kit-stm32l151-application/task.o
                0x00000000080044a0                task_polling_run
 .text.task_run
                0x00000000080044d4      0x138 build_ak-base-kit-stm32l151-application/task.o
                0x00000000080044d4                task_run
 .text.get_current_task_id
                0x000000000800460c        0xc build_ak-base-kit-stm32l151-application/task.o
                0x000000000800460c                get_current_task_id
 .text.get_current_task_info
                0x0000000008004618        0x8 build_ak-base-kit-stm32l151-application/task.o
                0x0000000008004618                get_current_task_info
 .text.get_current_active_object
                0x0000000008004620        0x8 build_ak-base-kit-stm32l151-application/task.o
                0x0000000008004620                get_current_active_object
 .text.timer_remove_msg
                0x0000000008004628       0x64 build_ak-base-kit-stm32l151-application/timer.o
 .text.task_timer_tick
                0x000000000800468c       0x7c build_ak-base-kit-stm32l151-application/timer.o
                0x000000000800468c                task_timer_tick
 .text.timer_init
                0x0000000008004708       0x6c build_ak-base-kit-stm32l151-application/timer.o
                0x0000000008004708                timer_init
 .text.timer_tick
                0x0000000008004774       0x38 build_ak-base-kit-stm32l151-application/timer.o
                0x0000000008004774                timer_tick
 .text.timer_set
                0x00000000080047ac       0x98 build_ak-base-kit-stm32l151-application/timer.o
                0x00000000080047ac                timer_set
 .text.timer_remove_attr
                0x0000000008004844       0x18 build_ak-base-kit-stm32l151-application/timer.o
                0x0000000008004844                timer_remove_attr
 .text.free_common_msg
                0x000000000800485c       0x28 build_ak-base-kit-stm32l151-application/message.o
 .text.free_pure_msg
                0x0000000008004884       0x28 build_ak-base-kit-stm32l151-application/message.o
 .text.free_dynamic_msg
                0x00000000080048ac       0x30 build_ak-base-kit-stm32l151-application/message.o
 .text.msg_init
                0x00000000080048dc      0x100 build_ak-base-kit-stm32l151-application/message.o
                0x00000000080048dc                msg_init
 .text.msg_force_free
                0x00000000080049dc       0x44 build_ak-base-kit-stm32l151-application/message.o
                0x00000000080049dc                msg_force_free
 .text.msg_inc_ref_count
                0x0000000008004a20       0x2c build_ak-base-kit-stm32l151-application/message.o
                0x0000000008004a20                msg_inc_ref_count
 .text.msg_dec_ref_count
                0x0000000008004a4c       0x28 build_ak-base-kit-stm32l151-application/message.o
                0x0000000008004a4c                msg_dec_ref_count
 .text.msg_free
                0x0000000008004a74       0x58 build_ak-base-kit-stm32l151-application/message.o
                0x0000000008004a74                msg_free
 .text.ak_malloc
                0x0000000008004acc       0x50 build_ak-base-kit-stm32l151-application/message.o
                0x0000000008004acc                ak_malloc
 .text.ak_free  0x0000000008004b1c        0x4 build_ak-base-kit-stm32l151-application/message.o
                0x0000000008004b1c                ak_free
 .text.get_pure_msg
                0x0000000008004b20       0x5c build_ak-base-kit-stm32l151-application/message.o
                0x0000000008004b20                get_pure_msg
 .text.get_common_msg
                0x0000000008004b7c       0x60 build_ak-base-kit-stm32l151-application/message.o
                0x0000000008004b7c                get_common_msg
 .text.set_data_common_msg
                0x0000000008004bdc       0x4c build_ak-base-kit-stm32l151-application/message.o
                0x0000000008004bdc                set_data_common_msg
 .text.get_data_common_msg
                0x0000000008004c28       0x28 build_ak-base-kit-stm32l151-application/message.o
                0x0000000008004c28                get_data_common_msg
 .text.get_data_len_common_msg
                0x0000000008004c50       0x28 build_ak-base-kit-stm32l151-application/message.o
                0x0000000008004c50                get_data_len_common_msg
 .text.get_dynamic_msg
                0x0000000008004c78       0x64 build_ak-base-kit-stm32l151-application/message.o
                0x0000000008004c78                get_dynamic_msg
 .text.set_data_dynamic_msg
                0x0000000008004cdc       0x3c build_ak-base-kit-stm32l151-application/message.o
                0x0000000008004cdc                set_data_dynamic_msg
 .text.get_data_dynamic_msg
                0x0000000008004d18       0x28 build_ak-base-kit-stm32l151-application/message.o
                0x0000000008004d18                get_data_dynamic_msg
 .text.get_data_len_dynamic_msg
                0x0000000008004d40        0x4 build_ak-base-kit-stm32l151-application/message.o
                0x0000000008004d40                get_data_len_dynamic_msg
 .text.log_queue_init
                0x0000000008004d44       0x2e build_ak-base-kit-stm32l151-application/log_queue.o
                0x0000000008004d44                log_queue_init
 .text.log_queue_len
                0x0000000008004d72        0x4 build_ak-base-kit-stm32l151-application/log_queue.o
                0x0000000008004d72                log_queue_len
 .text.log_queue_put
                0x0000000008004d76       0x5c build_ak-base-kit-stm32l151-application/log_queue.o
                0x0000000008004d76                log_queue_put
 .text.log_queue_get
                0x0000000008004dd2       0x30 build_ak-base-kit-stm32l151-application/log_queue.o
                0x0000000008004dd2                log_queue_get
 .text.fifo_init
                0x0000000008004e02       0x12 build_ak-base-kit-stm32l151-application/fifo.o
                0x0000000008004e02                fifo_init
 .text.fifo_availble
                0x0000000008004e14        0x4 build_ak-base-kit-stm32l151-application/fifo.o
                0x0000000008004e14                fifo_availble
 .text.fifo_is_full
                0x0000000008004e18        0xc build_ak-base-kit-stm32l151-application/fifo.o
                0x0000000008004e18                fifo_is_full
 .text.fifo_put
                0x0000000008004e24       0x54 build_ak-base-kit-stm32l151-application/fifo.o
                0x0000000008004e24                fifo_put
 .text.fifo_get
                0x0000000008004e78       0x50 build_ak-base-kit-stm32l151-application/fifo.o
                0x0000000008004e78                fifo_get
 .text.ring_buffer_char_init
                0x0000000008004ec8        0xc build_ak-base-kit-stm32l151-application/ring_buffer.o
                0x0000000008004ec8                ring_buffer_char_init
 .text.ring_buffer_char_is_empty
                0x0000000008004ed4        0xa build_ak-base-kit-stm32l151-application/ring_buffer.o
                0x0000000008004ed4                ring_buffer_char_is_empty
 .text.ring_buffer_char_put
                0x0000000008004ede       0x36 build_ak-base-kit-stm32l151-application/ring_buffer.o
                0x0000000008004ede                ring_buffer_char_put
 .text.ring_buffer_char_get
                0x0000000008004f14       0x26 build_ak-base-kit-stm32l151-application/ring_buffer.o
                0x0000000008004f14                ring_buffer_char_get
 .text.mem_read
                0x0000000008004f3a       0x18 build_ak-base-kit-stm32l151-application/utils.o
                0x0000000008004f3a                mem_read
 .text.mem_write
                0x0000000008004f52       0x1a build_ak-base-kit-stm32l151-application/utils.o
                0x0000000008004f52                mem_write
 *fill*         0x0000000008004f6c        0x4 
 .text.ilog10   0x0000000008004f70       0xd8 build_ak-base-kit-stm32l151-application/xprintf.o
 .text.i10x     0x0000000008005048       0x78 build_ak-base-kit-stm32l151-application/xprintf.o
 .text.xfputc   0x00000000080050c0       0x30 build_ak-base-kit-stm32l151-application/xprintf.o
                0x00000000080050c0                xfputc
 .text.xputc    0x00000000080050f0       0x10 build_ak-base-kit-stm32l151-application/xprintf.o
                0x00000000080050f0                xputc
 .text.xvfprintf
                0x0000000008005100      0x580 build_ak-base-kit-stm32l151-application/xprintf.o
 .text.xprintf  0x0000000008005680       0x24 build_ak-base-kit-stm32l151-application/xprintf.o
                0x0000000008005680                xprintf
 .text.cmd_line_parser
                0x00000000080056a4       0x7c build_ak-base-kit-stm32l151-application/cmd_line.o
                0x00000000080056a4                cmd_line_parser
 .text.button_init
                0x0000000008005720       0x34 build_ak-base-kit-stm32l151-application/button.o
                0x0000000008005720                button_init
 .text.button_enable
                0x0000000008005754        0x6 build_ak-base-kit-stm32l151-application/button.o
                0x0000000008005754                button_enable
 .text.button_timer_polling
                0x000000000800575a       0x76 build_ak-base-kit-stm32l151-application/button.o
                0x000000000800575a                button_timer_polling
 .text.flash_wait_to_idle
                0x00000000080057d0       0x32 build_ak-base-kit-stm32l151-application/flash.o
 .text.flash_set_write_enable.constprop.0
                0x0000000008005802       0x14 build_ak-base-kit-stm32l151-application/flash.o
 .text.flash_is_connected
                0x0000000008005816       0x22 build_ak-base-kit-stm32l151-application/flash.o
                0x0000000008005816                flash_is_connected
 .text.flash_read
                0x0000000008005838       0x5e build_ak-base-kit-stm32l151-application/flash.o
                0x0000000008005838                flash_read
 .text.flash_write
                0x0000000008005896       0x6c build_ak-base-kit-stm32l151-application/flash.o
                0x0000000008005896                flash_write
 .text.flash_erase_sector
                0x0000000008005902       0x48 build_ak-base-kit-stm32l151-application/flash.o
                0x0000000008005902                flash_erase_sector
 .text.flash_erase_block_64k
                0x000000000800594a       0x46 build_ak-base-kit-stm32l151-application/flash.o
                0x000000000800594a                flash_erase_block_64k
 .text.led_init
                0x0000000008005990       0x20 build_ak-base-kit-stm32l151-application/led.o
                0x0000000008005990                led_init
 .text.led_on   0x00000000080059b0        0xc build_ak-base-kit-stm32l151-application/led.o
                0x00000000080059b0                led_on
 .text.led_off  0x00000000080059bc        0xc build_ak-base-kit-stm32l151-application/led.o
                0x00000000080059bc                led_off
 .text.led_toggle
                0x00000000080059c8       0x12 build_ak-base-kit-stm32l151-application/led.o
                0x00000000080059c8                led_toggle
 *fill*         0x00000000080059da        0x2 
 .text.BUZZER_Init
                0x00000000080059dc       0xe0 build_ak-base-kit-stm32l151-application/buzzer.o
                0x00000000080059dc                BUZZER_Init
 .text.BUZZER_Disable
                0x0000000008005abc       0x38 build_ak-base-kit-stm32l151-application/buzzer.o
                0x0000000008005abc                BUZZER_Disable
 .text.BUZZER_Enable
                0x0000000008005af4       0x84 build_ak-base-kit-stm32l151-application/buzzer.o
                0x0000000008005af4                BUZZER_Enable
 .text.buzzer_irq
                0x0000000008005b78       0x98 build_ak-base-kit-stm32l151-application/buzzer.o
                0x0000000008005b78                buzzer_irq
 .text.BUZZER_PlayTones
                0x0000000008005c10       0x1c build_ak-base-kit-stm32l151-application/buzzer.o
                0x0000000008005c10                BUZZER_PlayTones
 .text.sys_dbg_cpu_dump
                0x0000000008005c2c       0x4c build_ak-base-kit-stm32l151-application/sys_dbg.o
                0x0000000008005c2c                sys_dbg_cpu_dump
 .text.sys_dbg_stack_space_dump
                0x0000000008005c78       0x30 build_ak-base-kit-stm32l151-application/sys_dbg.o
                0x0000000008005c78                sys_dbg_stack_space_dump
 .text.sys_dbg_fatal
                0x0000000008005ca8      0x3cc build_ak-base-kit-stm32l151-application/sys_dbg.o
                0x0000000008005ca8                sys_dbg_fatal
 .text.sys_boot_init
                0x0000000008006074       0x14 build_ak-base-kit-stm32l151-application/sys_boot.o
                0x0000000008006074                sys_boot_init
 .text.sys_boot_get
                0x0000000008006088        0xc build_ak-base-kit-stm32l151-application/sys_boot.o
                0x0000000008006088                sys_boot_get
 .text.sys_boot_set
                0x0000000008006094       0x34 build_ak-base-kit-stm32l151-application/sys_boot.o
                0x0000000008006094                sys_boot_set
 .text.eMBExceptionToErrorcode
                0x00000000080060c8       0x14 build_ak-base-kit-stm32l151-application/mbutils.o
                0x00000000080060c8                eMBExceptionToErrorcode
 .text.eMBMReleaseHdl
                0x00000000080060dc       0x58 build_ak-base-kit-stm32l151-application/mbm.o
 .text.bMBMResponseTimeoutCB
                0x0000000008006134       0x18 build_ak-base-kit-stm32l151-application/mbm.o
 .text.bMBMIsHdlValid
                0x000000000800614c       0x18 build_ak-base-kit-stm32l151-application/mbm.o
                0x000000000800614c                bMBMIsHdlValid
 .text.vMBMMasterTransactionPolled
                0x0000000008006164       0xae build_ak-base-kit-stm32l151-application/mbm.o
                0x0000000008006164                vMBMMasterTransactionPolled
 *fill*         0x0000000008006212        0x2 
 .text.eMBMSerialInitExt
                0x0000000008006214       0xcc build_ak-base-kit-stm32l151-application/mbm.o
                0x0000000008006214                eMBMSerialInitExt
 .text.usMBMCRC16
                0x00000000080062e0       0x2c build_ak-base-kit-stm32l151-application/mbmcrc.o
                0x00000000080062e0                usMBMCRC16
 .text.bMBMSerialWaitCB
                0x000000000800630c       0x3c build_ak-base-kit-stm32l151-application/mbmrtu.o
 .text.bMBMSerialRTUT35CB
                0x0000000008006348       0x58 build_ak-base-kit-stm32l151-application/mbmrtu.o
 .text.bMBMSerialRTUTransmitterEmptyAPIV1CB
                0x00000000080063a0       0xb2 build_ak-base-kit-stm32l151-application/mbmrtu.o
 .text.bMBMSerialRTUReceiverAPIV1CB
                0x0000000008006452       0xa0 build_ak-base-kit-stm32l151-application/mbmrtu.o
 *fill*         0x00000000080064f2        0x2 
 .text.eMBMSerialRTUFrameCloseInternal
                0x00000000080064f4       0x90 build_ak-base-kit-stm32l151-application/mbmrtu.o
 .text.eMBMSerialRTUFrameReceive
                0x0000000008006584       0xc4 build_ak-base-kit-stm32l151-application/mbmrtu.o
 .text.eMBMSerialRTUFrameSend
                0x0000000008006648       0xd0 build_ak-base-kit-stm32l151-application/mbmrtu.o
 .text.eMBMSerialRTUFrameClose
                0x0000000008006718       0x18 build_ak-base-kit-stm32l151-application/mbmrtu.o
 .text.eMBMSerialRTUInit
                0x0000000008006730      0x118 build_ak-base-kit-stm32l151-application/mbmrtu.o
                0x0000000008006730                eMBMSerialRTUInit
 .text.vMBMReadHoldingRegistersPolled
                0x0000000008006848      0x136 build_ak-base-kit-stm32l151-application/mbmfuncholding.o
                0x0000000008006848                vMBMReadHoldingRegistersPolled
 .text.eMBMReadHoldingRegisters
                0x000000000800697e       0x42 build_ak-base-kit-stm32l151-application/mbmfuncholding.o
                0x000000000800697e                eMBMReadHoldingRegisters
 .text.vMBMReadCoilsPolled
                0x00000000080069c0      0x114 build_ak-base-kit-stm32l151-application/mbmfunccoils.o
                0x00000000080069c0                vMBMReadCoilsPolled
 .text.eMBMReadCoils
                0x0000000008006ad4       0x42 build_ak-base-kit-stm32l151-application/mbmfunccoils.o
                0x0000000008006ad4                eMBMReadCoils
 .text.vMBMReadDiscreteInputsPolled
                0x0000000008006b16      0x114 build_ak-base-kit-stm32l151-application/mbmfuncdisc.o
                0x0000000008006b16                vMBMReadDiscreteInputsPolled
 .text.eMBMReadDiscreteInputs
                0x0000000008006c2a       0x42 build_ak-base-kit-stm32l151-application/mbmfuncdisc.o
                0x0000000008006c2a                eMBMReadDiscreteInputs
 .text.vMBMReadInputRegistersPolled
                0x0000000008006c6c      0x120 build_ak-base-kit-stm32l151-application/mbmfuncinput.o
                0x0000000008006c6c                vMBMReadInputRegistersPolled
 .text.eMBMReadInputRegisters
                0x0000000008006d8c       0x42 build_ak-base-kit-stm32l151-application/mbmfuncinput.o
                0x0000000008006d8c                eMBMReadInputRegisters
 *fill*         0x0000000008006dce        0x2 
 .text.eMBPEventCreate
                0x0000000008006dd0       0x5c build_ak-base-kit-stm32l151-application/mbportevent.o
                0x0000000008006dd0                eMBPEventCreate
 .text.eMBPEventPost
                0x0000000008006e2c       0x2c build_ak-base-kit-stm32l151-application/mbportevent.o
                0x0000000008006e2c                eMBPEventPost
 .text.bMBPEventGet
                0x0000000008006e58       0x34 build_ak-base-kit-stm32l151-application/mbportevent.o
                0x0000000008006e58                bMBPEventGet
 .text.vMBPEventDelete
                0x0000000008006e8c       0x2c build_ak-base-kit-stm32l151-application/mbportevent.o
                0x0000000008006e8c                vMBPEventDelete
 .text.vMBPAssert
                0x0000000008006eb8       0x1c build_ak-base-kit-stm32l151-application/mbportother.o
                0x0000000008006eb8                vMBPAssert
 .text.vMBPEnterCritical
                0x0000000008006ed4        0x4 build_ak-base-kit-stm32l151-application/mbportother.o
                0x0000000008006ed4                vMBPEnterCritical
 .text.vMBPExitCritical
                0x0000000008006ed8        0x4 build_ak-base-kit-stm32l151-application/mbportother.o
                0x0000000008006ed8                vMBPExitCritical
 .text.eMBPSerialInit
                0x0000000008006edc      0x144 build_ak-base-kit-stm32l151-application/mbportserial.o
                0x0000000008006edc                eMBPSerialInit
 .text.eMBPSerialClose
                0x0000000008007020       0x58 build_ak-base-kit-stm32l151-application/mbportserial.o
                0x0000000008007020                eMBPSerialClose
 .text.eMBPSerialTxEnable
                0x0000000008007078       0x70 build_ak-base-kit-stm32l151-application/mbportserial.o
                0x0000000008007078                eMBPSerialTxEnable
 .text.eMBPSerialRxEnable
                0x00000000080070e8       0x5c build_ak-base-kit-stm32l151-application/mbportserial.o
                0x00000000080070e8                eMBPSerialRxEnable
 .text.vMBPUSART2ISR
                0x0000000008007144       0xec build_ak-base-kit-stm32l151-application/mbportserial.o
                0x0000000008007144                vMBPUSART2ISR
 .text.eMBPTimerInit
                0x0000000008007230       0xec build_ak-base-kit-stm32l151-application/mbporttimer.o
                0x0000000008007230                eMBPTimerInit
 .text.vMBPTimerClose
                0x000000000800731c       0x28 build_ak-base-kit-stm32l151-application/mbporttimer.o
                0x000000000800731c                vMBPTimerClose
 .text.eMBPTimerStart
                0x0000000008007344       0x2c build_ak-base-kit-stm32l151-application/mbporttimer.o
                0x0000000008007344                eMBPTimerStart
 .text.eMBPTimerStop
                0x0000000008007370       0x30 build_ak-base-kit-stm32l151-application/mbporttimer.o
                0x0000000008007370                eMBPTimerStop
 .text.vMBPTimerISR
                0x00000000080073a0       0x58 build_ak-base-kit-stm32l151-application/mbporttimer.o
                0x00000000080073a0                vMBPTimerISR
 .text.GPIO_Init
                0x00000000080073f8       0x78 build_ak-base-kit-stm32l151-application/stm32l1xx_gpio.o
                0x00000000080073f8                GPIO_Init
 .text.GPIO_ReadInputDataBit
                0x0000000008007470        0xc build_ak-base-kit-stm32l151-application/stm32l1xx_gpio.o
                0x0000000008007470                GPIO_ReadInputDataBit
 .text.GPIO_SetBits
                0x000000000800747c        0x4 build_ak-base-kit-stm32l151-application/stm32l1xx_gpio.o
                0x000000000800747c                GPIO_SetBits
 .text.GPIO_ResetBits
                0x0000000008007480        0x4 build_ak-base-kit-stm32l151-application/stm32l1xx_gpio.o
                0x0000000008007480                GPIO_ResetBits
 .text.GPIO_PinAFConfig
                0x0000000008007484       0x24 build_ak-base-kit-stm32l151-application/stm32l1xx_gpio.o
                0x0000000008007484                GPIO_PinAFConfig
 .text.RCC_HSICmd
                0x00000000080074a8        0xc build_ak-base-kit-stm32l151-application/stm32l1xx_rcc.o
                0x00000000080074a8                RCC_HSICmd
 .text.RCC_GetClocksFreq
                0x00000000080074b4       0x9c build_ak-base-kit-stm32l151-application/stm32l1xx_rcc.o
                0x00000000080074b4                RCC_GetClocksFreq
 .text.RCC_AHBPeriphClockCmd
                0x0000000008007550       0x18 build_ak-base-kit-stm32l151-application/stm32l1xx_rcc.o
                0x0000000008007550                RCC_AHBPeriphClockCmd
 .text.RCC_APB2PeriphClockCmd
                0x0000000008007568       0x18 build_ak-base-kit-stm32l151-application/stm32l1xx_rcc.o
                0x0000000008007568                RCC_APB2PeriphClockCmd
 .text.RCC_APB1PeriphClockCmd
                0x0000000008007580       0x18 build_ak-base-kit-stm32l151-application/stm32l1xx_rcc.o
                0x0000000008007580                RCC_APB1PeriphClockCmd
 .text.RCC_APB2PeriphResetCmd
                0x0000000008007598       0x18 build_ak-base-kit-stm32l151-application/stm32l1xx_rcc.o
                0x0000000008007598                RCC_APB2PeriphResetCmd
 .text.RCC_APB1PeriphResetCmd
                0x00000000080075b0       0x18 build_ak-base-kit-stm32l151-application/stm32l1xx_rcc.o
                0x00000000080075b0                RCC_APB1PeriphResetCmd
 .text.RCC_GetFlagStatus
                0x00000000080075c8       0x20 build_ak-base-kit-stm32l151-application/stm32l1xx_rcc.o
                0x00000000080075c8                RCC_GetFlagStatus
 .text.USART_DeInit
                0x00000000080075e8       0x9c build_ak-base-kit-stm32l151-application/stm32l1xx_usart.o
                0x00000000080075e8                USART_DeInit
 .text.USART_Init
                0x0000000008007684       0xa4 build_ak-base-kit-stm32l151-application/stm32l1xx_usart.o
                0x0000000008007684                USART_Init
 .text.USART_ClockInit
                0x0000000008007728       0x20 build_ak-base-kit-stm32l151-application/stm32l1xx_usart.o
                0x0000000008007728                USART_ClockInit
 .text.USART_Cmd
                0x0000000008007748       0x18 build_ak-base-kit-stm32l151-application/stm32l1xx_usart.o
                0x0000000008007748                USART_Cmd
 .text.USART_SendData
                0x0000000008007760        0x8 build_ak-base-kit-stm32l151-application/stm32l1xx_usart.o
                0x0000000008007760                USART_SendData
 .text.USART_ReceiveData
                0x0000000008007768        0x8 build_ak-base-kit-stm32l151-application/stm32l1xx_usart.o
                0x0000000008007768                USART_ReceiveData
 .text.USART_ITConfig
                0x0000000008007770       0x30 build_ak-base-kit-stm32l151-application/stm32l1xx_usart.o
                0x0000000008007770                USART_ITConfig
 .text.USART_GetFlagStatus
                0x00000000080077a0        0xc build_ak-base-kit-stm32l151-application/stm32l1xx_usart.o
                0x00000000080077a0                USART_GetFlagStatus
 .text.USART_GetITStatus
                0x00000000080077ac       0x3e build_ak-base-kit-stm32l151-application/stm32l1xx_usart.o
                0x00000000080077ac                USART_GetITStatus
 .text.USART_ClearITPendingBit
                0x00000000080077ea        0xe build_ak-base-kit-stm32l151-application/stm32l1xx_usart.o
                0x00000000080077ea                USART_ClearITPendingBit
 .text.SPI_I2S_DeInit
                0x00000000080077f8       0x64 build_ak-base-kit-stm32l151-application/stm32l1xx_spi.o
                0x00000000080077f8                SPI_I2S_DeInit
 .text.SPI_Init
                0x000000000800785c       0x3e build_ak-base-kit-stm32l151-application/stm32l1xx_spi.o
                0x000000000800785c                SPI_Init
 .text.SPI_Cmd  0x000000000800789a       0x18 build_ak-base-kit-stm32l151-application/stm32l1xx_spi.o
                0x000000000800789a                SPI_Cmd
 .text.SPI_I2S_ReceiveData
                0x00000000080078b2        0x6 build_ak-base-kit-stm32l151-application/stm32l1xx_spi.o
                0x00000000080078b2                SPI_I2S_ReceiveData
 .text.SPI_I2S_SendData
                0x00000000080078b8        0x4 build_ak-base-kit-stm32l151-application/stm32l1xx_spi.o
                0x00000000080078b8                SPI_I2S_SendData
 .text.SPI_I2S_GetFlagStatus
                0x00000000080078bc        0xc build_ak-base-kit-stm32l151-application/stm32l1xx_spi.o
                0x00000000080078bc                SPI_I2S_GetFlagStatus
 .text.NVIC_PriorityGroupConfig
                0x00000000080078c8       0x14 build_ak-base-kit-stm32l151-application/misc.o
                0x00000000080078c8                NVIC_PriorityGroupConfig
 .text.NVIC_Init
                0x00000000080078dc       0x58 build_ak-base-kit-stm32l151-application/misc.o
                0x00000000080078dc                NVIC_Init
 .text.EXTI_GetFlagStatus
                0x0000000008007934       0x14 build_ak-base-kit-stm32l151-application/stm32l1xx_exti.o
                0x0000000008007934                EXTI_GetFlagStatus
 .text.EXTI_GetITStatus
                0x0000000008007948        0x4 build_ak-base-kit-stm32l151-application/stm32l1xx_exti.o
                0x0000000008007948                EXTI_GetITStatus
 .text.EXTI_ClearITPendingBit
                0x000000000800794c        0xc build_ak-base-kit-stm32l151-application/stm32l1xx_exti.o
                0x000000000800794c                EXTI_ClearITPendingBit
 .text.TIM_DeInit
                0x0000000008007958       0xe4 build_ak-base-kit-stm32l151-application/stm32l1xx_tim.o
                0x0000000008007958                TIM_DeInit
 .text.TIM_TimeBaseInit
                0x0000000008007a3c       0x58 build_ak-base-kit-stm32l151-application/stm32l1xx_tim.o
                0x0000000008007a3c                TIM_TimeBaseInit
 .text.TIM_ARRPreloadConfig
                0x0000000008007a94       0x18 build_ak-base-kit-stm32l151-application/stm32l1xx_tim.o
                0x0000000008007a94                TIM_ARRPreloadConfig
 .text.TIM_Cmd  0x0000000008007aac       0x18 build_ak-base-kit-stm32l151-application/stm32l1xx_tim.o
                0x0000000008007aac                TIM_Cmd
 .text.TIM_OC3Init
                0x0000000008007ac4       0x3c build_ak-base-kit-stm32l151-application/stm32l1xx_tim.o
                0x0000000008007ac4                TIM_OC3Init
 .text.TIM_OC3PreloadConfig
                0x0000000008007b00       0x10 build_ak-base-kit-stm32l151-application/stm32l1xx_tim.o
                0x0000000008007b00                TIM_OC3PreloadConfig
 .text.TIM_ITConfig
                0x0000000008007b10       0x12 build_ak-base-kit-stm32l151-application/stm32l1xx_tim.o
                0x0000000008007b10                TIM_ITConfig
 .text.TIM_GetITStatus
                0x0000000008007b22       0x16 build_ak-base-kit-stm32l151-application/stm32l1xx_tim.o
                0x0000000008007b22                TIM_GetITStatus
 .text.TIM_ClearITPendingBit
                0x0000000008007b38        0x8 build_ak-base-kit-stm32l151-application/stm32l1xx_tim.o
                0x0000000008007b38                TIM_ClearITPendingBit
 .text.ADC_Init
                0x0000000008007b40       0x4c build_ak-base-kit-stm32l151-application/stm32l1xx_adc.o
                0x0000000008007b40                ADC_Init
 .text.ADC_Cmd  0x0000000008007b8c       0x12 build_ak-base-kit-stm32l151-application/stm32l1xx_adc.o
                0x0000000008007b8c                ADC_Cmd
 *fill*         0x0000000008007b9e        0x2 
 .text.ADC_TempSensorVrefintCmd
                0x0000000008007ba0       0x18 build_ak-base-kit-stm32l151-application/stm32l1xx_adc.o
                0x0000000008007ba0                ADC_TempSensorVrefintCmd
 .text.ADC_RegularChannelConfig
                0x0000000008007bb8      0x104 build_ak-base-kit-stm32l151-application/stm32l1xx_adc.o
                0x0000000008007bb8                ADC_RegularChannelConfig
 .text.ADC_SoftwareStartConv
                0x0000000008007cbc        0xa build_ak-base-kit-stm32l151-application/stm32l1xx_adc.o
                0x0000000008007cbc                ADC_SoftwareStartConv
 .text.ADC_GetConversionValue
                0x0000000008007cc6        0x6 build_ak-base-kit-stm32l151-application/stm32l1xx_adc.o
                0x0000000008007cc6                ADC_GetConversionValue
 .text.ADC_GetFlagStatus
                0x0000000008007ccc        0xc build_ak-base-kit-stm32l151-application/stm32l1xx_adc.o
                0x0000000008007ccc                ADC_GetFlagStatus
 .text.PWR_UltraLowPowerCmd
                0x0000000008007cd8        0xc build_ak-base-kit-stm32l151-application/stm32l1xx_pwr.o
                0x0000000008007cd8                PWR_UltraLowPowerCmd
 .text.PWR_EnterSTOPMode
                0x0000000008007ce4       0x34 build_ak-base-kit-stm32l151-application/stm32l1xx_pwr.o
                0x0000000008007ce4                PWR_EnterSTOPMode
 .text.FLASH_Lock
                0x0000000008007d18       0x10 build_ak-base-kit-stm32l151-application/stm32l1xx_flash.o
                0x0000000008007d18                FLASH_Lock
 .text.DATA_EEPROM_Unlock
                0x0000000008007d28       0x20 build_ak-base-kit-stm32l151-application/stm32l1xx_flash.o
                0x0000000008007d28                DATA_EEPROM_Unlock
 .text.FLASH_Unlock
                0x0000000008007d48       0x2c build_ak-base-kit-stm32l151-application/stm32l1xx_flash.o
                0x0000000008007d48                FLASH_Unlock
 .text.DATA_EEPROM_Lock
                0x0000000008007d74       0x10 build_ak-base-kit-stm32l151-application/stm32l1xx_flash.o
                0x0000000008007d74                DATA_EEPROM_Lock
 .text.FLASH_OB_Unlock
                0x0000000008007d84       0x2c build_ak-base-kit-stm32l151-application/stm32l1xx_flash.o
                0x0000000008007d84                FLASH_OB_Unlock
 .text.FLASH_OB_Launch
                0x0000000008007db0       0x10 build_ak-base-kit-stm32l151-application/stm32l1xx_flash.o
                0x0000000008007db0                FLASH_OB_Launch
 .text.FLASH_OB_GetBOR
                0x0000000008007dc0       0x10 build_ak-base-kit-stm32l151-application/stm32l1xx_flash.o
                0x0000000008007dc0                FLASH_OB_GetBOR
 .text.FLASH_ClearFlag
                0x0000000008007dd0        0xc build_ak-base-kit-stm32l151-application/stm32l1xx_flash.o
                0x0000000008007dd0                FLASH_ClearFlag
 .text.FLASH_GetStatus
                0x0000000008007ddc       0x28 build_ak-base-kit-stm32l151-application/stm32l1xx_flash.o
                0x0000000008007ddc                FLASH_GetStatus
 .text.FLASH_WaitForLastOperation
                0x0000000008007e04       0x3c build_ak-base-kit-stm32l151-application/stm32l1xx_flash.o
                0x0000000008007e04                FLASH_WaitForLastOperation
 .text.FLASH_ErasePage
                0x0000000008007e40       0x44 build_ak-base-kit-stm32l151-application/stm32l1xx_flash.o
                0x0000000008007e40                FLASH_ErasePage
 .text.FLASH_FastProgramWord
                0x0000000008007e84       0x22 build_ak-base-kit-stm32l151-application/stm32l1xx_flash.o
                0x0000000008007e84                FLASH_FastProgramWord
 .text.DATA_EEPROM_EraseWord
                0x0000000008007ea6       0x16 build_ak-base-kit-stm32l151-application/stm32l1xx_flash.o
                0x0000000008007ea6                DATA_EEPROM_EraseWord
 .text.DATA_EEPROM_FastProgramWord
                0x0000000008007ebc       0x30 build_ak-base-kit-stm32l151-application/stm32l1xx_flash.o
                0x0000000008007ebc                DATA_EEPROM_FastProgramWord
 .text.DATA_EEPROM_ProgramByte
                0x0000000008007eec       0x4c build_ak-base-kit-stm32l151-application/stm32l1xx_flash.o
                0x0000000008007eec                DATA_EEPROM_ProgramByte
 .text.FLASH_OB_BORConfig
                0x0000000008007f38       0x3c build_ak-base-kit-stm32l151-application/stm32l1xx_flash.o
                0x0000000008007f38                FLASH_OB_BORConfig
 .text.IWDG_WriteAccessCmd
                0x0000000008007f74        0xc build_ak-base-kit-stm32l151-application/stm32l1xx_iwdg.o
                0x0000000008007f74                IWDG_WriteAccessCmd
 .text.IWDG_SetPrescaler
                0x0000000008007f80        0xc build_ak-base-kit-stm32l151-application/stm32l1xx_iwdg.o
                0x0000000008007f80                IWDG_SetPrescaler
 .text.IWDG_SetReload
                0x0000000008007f8c        0xc build_ak-base-kit-stm32l151-application/stm32l1xx_iwdg.o
                0x0000000008007f8c                IWDG_SetReload
 .text.IWDG_ReloadCounter
                0x0000000008007f98       0x10 build_ak-base-kit-stm32l151-application/stm32l1xx_iwdg.o
                0x0000000008007f98                IWDG_ReloadCounter
 .text.IWDG_Enable
                0x0000000008007fa8       0x10 build_ak-base-kit-stm32l151-application/stm32l1xx_iwdg.o
                0x0000000008007fa8                IWDG_Enable
 .text.I2C_SendData
                0x0000000008007fb8        0x4 build_ak-base-kit-stm32l151-application/stm32l1xx_i2c.o
                0x0000000008007fb8                I2C_SendData
 .text.I2C_CheckEvent
                0x0000000008007fbc       0x18 build_ak-base-kit-stm32l151-application/stm32l1xx_i2c.o
                0x0000000008007fbc                I2C_CheckEvent
 .text.disable_interrupts
                0x0000000008007fd4       0x10 build_ak-base-kit-stm32l151-application/platform.o
                0x0000000008007fd4                disable_interrupts
 .text.entry_critical
                0x0000000008007fe4       0x14 build_ak-base-kit-stm32l151-application/platform.o
                0x0000000008007fe4                entry_critical
 .text.exit_critical
                0x0000000008007ff8       0x30 build_ak-base-kit-stm32l151-application/platform.o
                0x0000000008007ff8                exit_critical
 .text.default_handler
                0x0000000008008028       0x1c build_ak-base-kit-stm32l151-application/system.o
                0x0000000008008028                svc_handler
                0x0000000008008028                default_handler
                0x0000000008008028                dg_monitor_handler
                0x0000000008008028                pendsv_handler
 .text.nmi_handler
                0x0000000008008044       0x1c build_ak-base-kit-stm32l151-application/system.o
                0x0000000008008044                nmi_handler
 .text.hard_fault_handler
                0x0000000008008060       0x1c build_ak-base-kit-stm32l151-application/system.o
                0x0000000008008060                hard_fault_handler
 .text.mem_manage_handler
                0x000000000800807c       0x1c build_ak-base-kit-stm32l151-application/system.o
                0x000000000800807c                mem_manage_handler
 .text.bus_fault_handler
                0x0000000008008098       0x1c build_ak-base-kit-stm32l151-application/system.o
                0x0000000008008098                bus_fault_handler
 .text.usage_fault_handler
                0x00000000080080b4       0x1c build_ak-base-kit-stm32l151-application/system.o
                0x00000000080080b4                usage_fault_handler
 .text.systick_handler
                0x00000000080080d0       0x40 build_ak-base-kit-stm32l151-application/system.o
                0x00000000080080d0                systick_handler
 .text.uart1_irq
                0x0000000008008110       0x64 build_ak-base-kit-stm32l151-application/system.o
                0x0000000008008110                uart1_irq
 .text.exti_line1_irq
                0x0000000008008174       0x1c build_ak-base-kit-stm32l151-application/system.o
                0x0000000008008174                exti_line1_irq
 .text.timer7_irq
                0x0000000008008190       0x24 build_ak-base-kit-stm32l151-application/system.o
                0x0000000008008190                timer7_irq
 .text.sys_ctrl_delay
                0x00000000080081b4        0xc build_ak-base-kit-stm32l151-application/system.o
                0x00000000080081b4                sys_ctrl_delay
 .text.sys_ctrl_millis
                0x00000000080081c0       0x1c build_ak-base-kit-stm32l151-application/system.o
                0x00000000080081c0                sys_ctrl_millis
 .text._init    0x00000000080081dc        0x2 build_ak-base-kit-stm32l151-application/system.o
                0x00000000080081dc                _init
 .text._fini    0x00000000080081de        0x2 build_ak-base-kit-stm32l151-application/system.o
                0x00000000080081de                _fini
 .text.sys_stack_count_init
                0x00000000080081e0       0x3c build_ak-base-kit-stm32l151-application/system.o
                0x00000000080081e0                sys_stack_count_init
 .text.reset_handler
                0x000000000800821c       0xc8 build_ak-base-kit-stm32l151-application/system.o
                0x000000000800821c                reset_handler
 .text.sys_stack_usage
                0x00000000080082e4       0x20 build_ak-base-kit-stm32l151-application/system.o
                0x00000000080082e4                sys_stack_usage
 .text.sys_stack_get_size
                0x0000000008008304        0xc build_ak-base-kit-stm32l151-application/system.o
                0x0000000008008304                sys_stack_get_size
 .text.sys_ctrl_shell_put_char_block
                0x0000000008008310       0x2c build_ak-base-kit-stm32l151-application/sys_cfg.o
                0x0000000008008310                sys_ctrl_shell_put_char_block
 .text.sys_cfg_clock
                0x000000000800833c       0x22 build_ak-base-kit-stm32l151-application/sys_cfg.o
                0x000000000800833c                sys_cfg_clock
 *fill*         0x000000000800835e        0x2 
 .text.sys_cfg_tick
                0x0000000008008360       0x50 build_ak-base-kit-stm32l151-application/sys_cfg.o
                0x0000000008008360                sys_cfg_tick
 .text.sys_cfg_svc
                0x00000000080083b0       0x30 build_ak-base-kit-stm32l151-application/sys_cfg.o
                0x00000000080083b0                sys_cfg_svc
 .text.sys_cfg_pendsv
                0x00000000080083e0       0x34 build_ak-base-kit-stm32l151-application/sys_cfg.o
                0x00000000080083e0                sys_cfg_pendsv
 .text.sys_cfg_update_info
                0x0000000008008414      0x108 build_ak-base-kit-stm32l151-application/sys_cfg.o
                0x0000000008008414                sys_cfg_update_info
 .text.sys_ctrl_shell_sw_to_block
                0x000000000800851c       0x38 build_ak-base-kit-stm32l151-application/sys_cfg.o
                0x000000000800851c                sys_ctrl_shell_sw_to_block
 .text.sys_cfg_console
                0x0000000008008554       0xd8 build_ak-base-kit-stm32l151-application/sys_cfg.o
                0x0000000008008554                sys_cfg_console
 .text.sys_ctrl_shell_get_char
                0x000000000800862c       0x34 build_ak-base-kit-stm32l151-application/sys_cfg.o
                0x000000000800862c                sys_ctrl_shell_get_char
 .text.sys_ctrl_reset
                0x0000000008008660       0x20 build_ak-base-kit-stm32l151-application/sys_cfg.o
                0x0000000008008660                sys_ctrl_reset
 .text.sys_ctrl_delay_us
                0x0000000008008680       0x58 build_ak-base-kit-stm32l151-application/sys_cfg.o
                0x0000000008008680                sys_ctrl_delay_us
 .text.sys_ctrl_delay_ms
                0x00000000080086d8       0x1e build_ak-base-kit-stm32l151-application/sys_cfg.o
                0x00000000080086d8                sys_ctrl_delay_ms
 *fill*         0x00000000080086f6        0x2 
 .text.sys_ctr_stop_mcu
                0x00000000080086f8       0xa8 build_ak-base-kit-stm32l151-application/sys_cfg.o
                0x00000000080086f8                sys_ctr_stop_mcu
 .text.sys_ctrl_independent_watchdog_init
                0x00000000080087a0       0x24 build_ak-base-kit-stm32l151-application/sys_cfg.o
                0x00000000080087a0                sys_ctrl_independent_watchdog_init
 .text.sys_ctrl_independent_watchdog_reset
                0x00000000080087c4       0x12 build_ak-base-kit-stm32l151-application/sys_cfg.o
                0x00000000080087c4                sys_ctrl_independent_watchdog_reset
 *fill*         0x00000000080087d6        0x2 
 .text.sys_ctrl_soft_watchdog_init
                0x00000000080087d8       0x68 build_ak-base-kit-stm32l151-application/sys_cfg.o
                0x00000000080087d8                sys_ctrl_soft_watchdog_init
 .text.sys_ctrl_soft_watchdog_reset
                0x0000000008008840       0x18 build_ak-base-kit-stm32l151-application/sys_cfg.o
                0x0000000008008840                sys_ctrl_soft_watchdog_reset
 .text.sys_ctrl_soft_watchdog_increase_counter
                0x0000000008008858       0x40 build_ak-base-kit-stm32l151-application/sys_cfg.o
                0x0000000008008858                sys_ctrl_soft_watchdog_increase_counter
 .text.sys_ctrl_get_firmware_info
                0x0000000008008898       0x40 build_ak-base-kit-stm32l151-application/sys_cfg.o
                0x0000000008008898                sys_ctrl_get_firmware_info
 .text.task_irq_io_entry_trigger
                0x00000000080088d8        0x2 build_ak-base-kit-stm32l151-application/sys_cfg.o
                0x00000000080088d8                task_irq_io_entry_trigger
 .text.task_irq_io_exit_trigger
                0x00000000080088da        0x2 build_ak-base-kit-stm32l151-application/sys_cfg.o
                0x00000000080088da                task_irq_io_exit_trigger
 .text.io_button_mode_init
                0x00000000080088dc       0x28 build_ak-base-kit-stm32l151-application/io_cfg.o
                0x00000000080088dc                io_button_mode_init
 .text.io_button_up_init
                0x0000000008008904       0x28 build_ak-base-kit-stm32l151-application/io_cfg.o
                0x0000000008008904                io_button_up_init
 .text.io_button_down_init
                0x000000000800892c       0x28 build_ak-base-kit-stm32l151-application/io_cfg.o
                0x000000000800892c                io_button_down_init
 .text.io_button_mode_read
                0x0000000008008954        0xc build_ak-base-kit-stm32l151-application/io_cfg.o
                0x0000000008008954                io_button_mode_read
 .text.io_button_up_read
                0x0000000008008960       0x10 build_ak-base-kit-stm32l151-application/io_cfg.o
                0x0000000008008960                io_button_up_read
 .text.io_button_down_read
                0x0000000008008970        0xc build_ak-base-kit-stm32l151-application/io_cfg.o
                0x0000000008008970                io_button_down_read
 .text.led_life_init
                0x000000000800897c       0x28 build_ak-base-kit-stm32l151-application/io_cfg.o
                0x000000000800897c                led_life_init
 .text.led_life_on
                0x00000000080089a4       0x10 build_ak-base-kit-stm32l151-application/io_cfg.o
                0x00000000080089a4                led_life_on
 .text.led_life_off
                0x00000000080089b4       0x10 build_ak-base-kit-stm32l151-application/io_cfg.o
                0x00000000080089b4                led_life_off
 .text.flash_io_ctrl_init
                0x00000000080089c4       0x28 build_ak-base-kit-stm32l151-application/io_cfg.o
                0x00000000080089c4                flash_io_ctrl_init
 .text.flash_cs_low
                0x00000000080089ec       0x10 build_ak-base-kit-stm32l151-application/io_cfg.o
                0x00000000080089ec                flash_cs_low
 .text.flash_cs_high
                0x00000000080089fc       0x10 build_ak-base-kit-stm32l151-application/io_cfg.o
                0x00000000080089fc                flash_cs_high
 .text.flash_transfer
                0x0000000008008a0c       0x98 build_ak-base-kit-stm32l151-application/io_cfg.o
                0x0000000008008a0c                flash_transfer
 .text.io_cfg_adc1
                0x0000000008008aa4       0x48 build_ak-base-kit-stm32l151-application/io_cfg.o
                0x0000000008008aa4                io_cfg_adc1
 .text.adc_bat_io_cfg
                0x0000000008008aec       0x2c build_ak-base-kit-stm32l151-application/io_cfg.o
                0x0000000008008aec                adc_bat_io_cfg
 .text.sys_ctr_get_vbat_voltage
                0x0000000008008b18       0x90 build_ak-base-kit-stm32l151-application/io_cfg.o
                0x0000000008008b18                sys_ctr_get_vbat_voltage
 .text.sys_ctr_get_mcu_temperature
                0x0000000008008ba8       0x6c build_ak-base-kit-stm32l151-application/io_cfg.o
                0x0000000008008ba8                sys_ctr_get_mcu_temperature
 .text.ssd1306_clk_input_mode
                0x0000000008008c14       0x28 build_ak-base-kit-stm32l151-application/io_cfg.o
                0x0000000008008c14                ssd1306_clk_input_mode
 .text.ssd1306_clk_output_mode
                0x0000000008008c3c       0x28 build_ak-base-kit-stm32l151-application/io_cfg.o
                0x0000000008008c3c                ssd1306_clk_output_mode
 .text.ssd1306_clk_digital_write_low
                0x0000000008008c64       0x10 build_ak-base-kit-stm32l151-application/io_cfg.o
                0x0000000008008c64                ssd1306_clk_digital_write_low
 .text.ssd1306_clk_digital_write_high
                0x0000000008008c74       0x10 build_ak-base-kit-stm32l151-application/io_cfg.o
                0x0000000008008c74                ssd1306_clk_digital_write_high
 .text.ssd1306_data_input_mode
                0x0000000008008c84       0x28 build_ak-base-kit-stm32l151-application/io_cfg.o
                0x0000000008008c84                ssd1306_data_input_mode
 .text.ssd1306_data_output_mode
                0x0000000008008cac       0x28 build_ak-base-kit-stm32l151-application/io_cfg.o
                0x0000000008008cac                ssd1306_data_output_mode
 .text.ssd1306_data_digital_write_low
                0x0000000008008cd4       0x10 build_ak-base-kit-stm32l151-application/io_cfg.o
                0x0000000008008cd4                ssd1306_data_digital_write_low
 .text.ssd1306_data_digital_write_high
                0x0000000008008ce4       0x10 build_ak-base-kit-stm32l151-application/io_cfg.o
                0x0000000008008ce4                ssd1306_data_digital_write_high
 .text.ssd1306_res_input_mode
                0x0000000008008cf4       0x28 build_ak-base-kit-stm32l151-application/io_cfg.o
                0x0000000008008cf4                ssd1306_res_input_mode
 .text.ssd1306_res_output_mode
                0x0000000008008d1c       0x28 build_ak-base-kit-stm32l151-application/io_cfg.o
                0x0000000008008d1c                ssd1306_res_output_mode
 .text.ssd1306_res_digital_write_low
                0x0000000008008d44       0x10 build_ak-base-kit-stm32l151-application/io_cfg.o
                0x0000000008008d44                ssd1306_res_digital_write_low
 .text.ssd1306_res_digital_write_high
                0x0000000008008d54       0x10 build_ak-base-kit-stm32l151-application/io_cfg.o
                0x0000000008008d54                ssd1306_res_digital_write_high
 .text.io_eeprom_read
                0x0000000008008d64       0x34 build_ak-base-kit-stm32l151-application/io_cfg.o
                0x0000000008008d64                io_eeprom_read
 .text.io_eeprom_write
                0x0000000008008d98       0x48 build_ak-base-kit-stm32l151-application/io_cfg.o
                0x0000000008008d98                io_eeprom_write
 .text.io_eeprom_erase
                0x0000000008008de0       0x4c build_ak-base-kit-stm32l151-application/io_cfg.o
                0x0000000008008de0                io_eeprom_erase
 .text.internal_flash_unlock
                0x0000000008008e2c       0x12 build_ak-base-kit-stm32l151-application/io_cfg.o
                0x0000000008008e2c                internal_flash_unlock
 .text.internal_flash_lock
                0x0000000008008e3e        0x4 build_ak-base-kit-stm32l151-application/io_cfg.o
                0x0000000008008e3e                internal_flash_lock
 .text.internal_flash_erase_pages_cal
                0x0000000008008e42       0x24 build_ak-base-kit-stm32l151-application/io_cfg.o
                0x0000000008008e42                internal_flash_erase_pages_cal
 .text.internal_flash_write_cal
                0x0000000008008e66       0x48 build_ak-base-kit-stm32l151-application/io_cfg.o
                0x0000000008008e66                internal_flash_write_cal
 *fill*         0x0000000008008eae        0x2 
 .text.io_uart2_cfg
                0x0000000008008eb0       0xbc build_ak-base-kit-stm32l151-application/io_cfg.o
                0x0000000008008eb0                io_uart2_cfg
 .text.io_uart_rs485_cfg
                0x0000000008008f6c       0x78 build_ak-base-kit-stm32l151-application/io_cfg.o
                0x0000000008008f6c                io_uart_rs485_cfg
 .text.io_rs485_dir_mode_output
                0x0000000008008fe4       0x30 build_ak-base-kit-stm32l151-application/io_cfg.o
                0x0000000008008fe4                io_rs485_dir_mode_output
 .text.io_rs485_dir_low
                0x0000000008009014        0xc build_ak-base-kit-stm32l151-application/io_cfg.o
                0x0000000008009014                io_rs485_dir_low
 .text.io_rs485_dir_high
                0x0000000008009020        0xc build_ak-base-kit-stm32l151-application/io_cfg.o
                0x0000000008009020                io_rs485_dir_high
 .text.SystemInit
                0x000000000800902c      0x114 build_ak-base-kit-stm32l151-application/system_stm32l1xx.o
                0x000000000800902c                SystemInit
 .text.SystemCoreClockUpdate
                0x0000000008009140       0x88 build_ak-base-kit-stm32l151-application/system_stm32l1xx.o
                0x0000000008009140                SystemCoreClockUpdate
 .text._ZL13view_scr_idlev
                0x00000000080091c8       0x34 build_ak-base-kit-stm32l151-application/scr_idle.o
 .text._ZN4ballC2Ev
                0x00000000080091fc       0x5e build_ak-base-kit-stm32l151-application/scr_idle.o
                0x00000000080091fc                ball::ball()
                0x00000000080091fc                ball::ball()
 *fill*         0x000000000800925a        0x2 
 .text._ZNSt6vectorI4ballSaIS0_EE17_M_realloc_insertIJRKS0_EEEvN9__gnu_cxx17__normal_iteratorIPS0_S2_EEDpOT_
                0x000000000800925c      0x110 build_ak-base-kit-stm32l151-application/scr_idle.o
                0x000000000800925c                void std::vector<ball, std::allocator<ball> >::_M_realloc_insert<ball const&>(__gnu_cxx::__normal_iterator<ball*, std::vector<ball, std::allocator<ball> > >, ball const&)
 .text._ZNSt6vectorI4ballSaIS0_EE9push_backERKS0_
                0x000000000800936c       0x2c build_ak-base-kit-stm32l151-application/scr_idle.o
                0x000000000800936c                std::vector<ball, std::allocator<ball> >::push_back(ball const&)
 .text._Z15scr_idle_handleP8ak_msg_t
                0x0000000008009398      0x1a8 build_ak-base-kit-stm32l151-application/scr_idle.o
                0x0000000008009398                scr_idle_handle(ak_msg_t*)
 .text.startup._GLOBAL__sub_I_dyn_view_idle
                0x0000000008009540       0x10 build_ak-base-kit-stm32l151-application/scr_idle.o
 .text.exit._GLOBAL__sub_D_dyn_view_idle
                0x0000000008009550       0x10 build_ak-base-kit-stm32l151-application/scr_idle.o
 .text._ZL16view_scr_startupv
                0x0000000008009560       0xa4 build_ak-base-kit-stm32l151-application/scr_startup.o
 .text._Z18scr_startup_handleP8ak_msg_t
                0x0000000008009604       0x64 build_ak-base-kit-stm32l151-application/scr_startup.o
                0x0000000008009604                scr_startup_handle(ak_msg_t*)
 .text._Z13update_screenv
                0x0000000008009668       0xac build_ak-base-kit-stm32l151-application/scr_menu_game.o
                0x0000000008009668                update_screen()
 .text._Z20scr_menu_game_handleP8ak_msg_t
                0x0000000008009714       0xd0 build_ak-base-kit-stm32l151-application/scr_menu_game.o
                0x0000000008009714                scr_menu_game_handle(ak_msg_t*)
 .text._ZL18view_scr_menu_gamev
                0x00000000080097e4      0x1fc build_ak-base-kit-stm32l151-application/scr_menu_game.o
 .text._Z23scr_game_setting_handleP8ak_msg_t
                0x00000000080099e0      0x13c build_ak-base-kit-stm32l151-application/scr_game_setting.o
                0x00000000080099e0                scr_game_setting_handle(ak_msg_t*)
 .text._ZL21view_scr_game_settingv
                0x0000000008009b1c      0x144 build_ak-base-kit-stm32l151-application/scr_game_setting.o
 .text._Z23ar_game_archery_displayv
                0x0000000008009c60       0x50 build_ak-base-kit-stm32l151-application/scr_archery_game.o
                0x0000000008009c60                ar_game_archery_display()
 .text._Z21ar_game_arrow_displayv
                0x0000000008009cb0       0x4c build_ak-base-kit-stm32l151-application/scr_archery_game.o
                0x0000000008009cb0                ar_game_arrow_display()
 .text._Z25ar_game_meteoroid_displayv
                0x0000000008009cfc       0x80 build_ak-base-kit-stm32l151-application/scr_archery_game.o
                0x0000000008009cfc                ar_game_meteoroid_display()
 .text._Z20ar_game_bang_displayv
                0x0000000008009d7c       0x88 build_ak-base-kit-stm32l151-application/scr_archery_game.o
                0x0000000008009d7c                ar_game_bang_display()
 .text._Z19ar_game_level_setupv
                0x0000000008009e04       0x30 build_ak-base-kit-stm32l151-application/scr_archery_game.o
                0x0000000008009e04                ar_game_level_setup()
 .text._Z23ar_game_time_tick_setupv
                0x0000000008009e34        0xc build_ak-base-kit-stm32l151-application/scr_archery_game.o
                0x0000000008009e34                ar_game_time_tick_setup()
 .text._Z18ar_game_save_scorev
                0x0000000008009e40       0x18 build_ak-base-kit-stm32l151-application/scr_archery_game.o
                0x0000000008009e40                ar_game_save_score()
 .text._Z22ar_game_screen_displayv
                0x0000000008009e58       0x9c build_ak-base-kit-stm32l151-application/scr_archery_game.o
                0x0000000008009e58                ar_game_screen_display()
 .text._Z22ar_game_border_displayv
                0x0000000008009ef4       0x54 build_ak-base-kit-stm32l151-application/scr_archery_game.o
                0x0000000008009ef4                ar_game_border_display()
 .text._ZL21view_scr_archery_gamev
                0x0000000008009f48       0x1e build_ak-base-kit-stm32l151-application/scr_archery_game.o
 *fill*         0x0000000008009f66        0x2 
 .text._Z20ar_game_screen_setupv
                0x0000000008009f68       0x14 build_ak-base-kit-stm32l151-application/scr_archery_game.o
                0x0000000008009f68                ar_game_screen_setup()
 .text._Z23scr_archery_game_handleP8ak_msg_t
                0x0000000008009f7c      0x150 build_ak-base-kit-stm32l151-application/scr_archery_game.o
                0x0000000008009f7c                scr_archery_game_handle(ak_msg_t*)
 .text._Z10score_readv
                0x000000000800a0cc       0x40 build_ak-base-kit-stm32l151-application/scr_game_over.o
                0x000000000800a0cc                score_read()
 .text._Z12rank_rankingv
                0x000000000800a10c       0x40 build_ak-base-kit-stm32l151-application/scr_game_over.o
                0x000000000800a10c                rank_ranking()
 .text._ZL18view_scr_game_overv
                0x000000000800a14c       0xc4 build_ak-base-kit-stm32l151-application/scr_game_over.o
 .text._Z20scr_game_over_handleP8ak_msg_t
                0x000000000800a210      0x108 build_ak-base-kit-stm32l151-application/scr_game_over.o
                0x000000000800a210                scr_game_over_handle(ak_msg_t*)
 .text._Z17read_score_chartsv
                0x000000000800a318       0x30 build_ak-base-kit-stm32l151-application/scr_charts_game.o
                0x000000000800a318                read_score_charts()
 .text._Z18reset_score_chartsv
                0x000000000800a348       0x3c build_ak-base-kit-stm32l151-application/scr_charts_game.o
                0x000000000800a348                reset_score_charts()
 .text._ZL20view_scr_charts_gamev
                0x000000000800a384      0x10c build_ak-base-kit-stm32l151-application/scr_charts_game.o
 .text._Z22scr_charts_game_handleP8ak_msg_t
                0x000000000800a490       0x84 build_ak-base-kit-stm32l151-application/scr_charts_game.o
                0x000000000800a490                scr_charts_game_handle(ak_msg_t*)
 .text._Z22ar_game_archery_updatev
                0x000000000800a514       0x14 build_ak-base-kit-stm32l151-application/ar_game_archery.o
                0x000000000800a514                ar_game_archery_update()
 .text._Z18ar_game_archery_upv
                0x000000000800a528       0x10 build_ak-base-kit-stm32l151-application/ar_game_archery.o
                0x000000000800a528                ar_game_archery_up()
 .text._Z20ar_game_archery_downv
                0x000000000800a538       0x14 build_ak-base-kit-stm32l151-application/ar_game_archery.o
                0x000000000800a538                ar_game_archery_down()
 .text._Z22ar_game_archery_handleP8ak_msg_t
                0x000000000800a54c       0x8c build_ak-base-kit-stm32l151-application/ar_game_archery.o
                0x000000000800a54c                ar_game_archery_handle(ak_msg_t*)
 .text._Z17ar_game_arrow_runv
                0x000000000800a5d8       0x48 build_ak-base-kit-stm32l151-application/ar_game_arrow.o
                0x000000000800a5d8                ar_game_arrow_run()
 .text._Z19ar_game_arrow_shootv
                0x000000000800a620       0x58 build_ak-base-kit-stm32l151-application/ar_game_arrow.o
                0x000000000800a620                ar_game_arrow_shoot()
 .text._Z20ar_game_arrow_handleP8ak_msg_t
                0x000000000800a678       0xa0 build_ak-base-kit-stm32l151-application/ar_game_arrow.o
                0x000000000800a678                ar_game_arrow_handle(ak_msg_t*)
 .text._Z19ar_game_bang_updatev
                0x000000000800a718       0x3c build_ak-base-kit-stm32l151-application/ar_game_bang.o
                0x000000000800a718                ar_game_bang_update()
 .text._Z19ar_game_bang_handleP8ak_msg_t
                0x000000000800a754       0x68 build_ak-base-kit-stm32l151-application/ar_game_bang.o
                0x000000000800a754                ar_game_bang_handle(ak_msg_t*)
 .text._Z21ar_game_border_updatev
                0x000000000800a7bc       0x28 build_ak-base-kit-stm32l151-application/ar_game_border.o
                0x000000000800a7bc                ar_game_border_update()
 .text._Z23ar_game_check_game_overv
                0x000000000800a7e4       0x2c build_ak-base-kit-stm32l151-application/ar_game_border.o
                0x000000000800a7e4                ar_game_check_game_over()
 .text._Z21ar_game_border_handleP8ak_msg_t
                0x000000000800a810       0x68 build_ak-base-kit-stm32l151-application/ar_game_border.o
                0x000000000800a810                ar_game_border_handle(ak_msg_t*)
 .text._Z21ar_game_meteoroid_runv
                0x000000000800a878       0x3c build_ak-base-kit-stm32l151-application/ar_game_meteoroid.o
                0x000000000800a878                ar_game_meteoroid_run()
 .text._Z27ar_game_meteoroid_detonatorv
                0x000000000800a8b4       0xb8 build_ak-base-kit-stm32l151-application/ar_game_meteoroid.o
                0x000000000800a8b4                ar_game_meteoroid_detonator()
 .text._Z24ar_game_meteoroid_handleP8ak_msg_t
                0x000000000800a96c       0xe0 build_ak-base-kit-stm32l151-application/ar_game_meteoroid.o
                0x000000000800a96c                ar_game_meteoroid_handle(ak_msg_t*)
 .text._Z11task_systemP8ak_msg_t
                0x000000000800aa4c       0x44 build_ak-base-kit-stm32l151-application/task_system.o
                0x000000000800aa4c                task_system(ak_msg_t*)
 .text.main_app
                0x000000000800aa90      0x28c build_ak-base-kit-stm32l151-application/app.o
                0x000000000800aa90                main_app
 .text._Z19task_polling_zigbeev
                0x000000000800ad1c        0x2 build_ak-base-kit-stm32l151-application/app.o
                0x000000000800ad1c                task_polling_zigbee()
 *fill*         0x000000000800ad1e        0x2 
 .text._Z20task_polling_consolev
                0x000000000800ad20       0xd8 build_ak-base-kit-stm32l151-application/app.o
                0x000000000800ad20                task_polling_console()
 .text.sys_irq_timer_10ms
                0x000000000800adf8       0x24 build_ak-base-kit-stm32l151-application/app.o
                0x000000000800adf8                sys_irq_timer_10ms
 .text._Z17btn_mode_callbackPv
                0x000000000800ae1c       0x44 build_ak-base-kit-stm32l151-application/app_bsp.o
                0x000000000800ae1c                btn_mode_callback(void*)
 .text._Z15btn_up_callbackPv
                0x000000000800ae60       0x44 build_ak-base-kit-stm32l151-application/app_bsp.o
                0x000000000800ae60                btn_up_callback(void*)
 .text._Z17btn_down_callbackPv
                0x000000000800aea4       0x44 build_ak-base-kit-stm32l151-application/app_bsp.o
                0x000000000800aea4                btn_down_callback(void*)
 .text._Z22updateDataModbusDeviceP21ModbusDeviceStructure
                0x000000000800aee8       0xc4 build_ak-base-kit-stm32l151-application/app_modbus_pull.o
                0x000000000800aee8                updateDataModbusDevice(ModbusDeviceStructure*)
 .text._ZL19str_parser_get_attrh
                0x000000000800afac       0x1c build_ak-base-kit-stm32l151-application/shell.o
 .text._Z9shell_sttPh
                0x000000000800afc8        0x4 build_ak-base-kit-stm32l151-application/shell.o
                0x000000000800afc8                shell_stt(unsigned char*)
 .text._Z9shell_psvPh
                0x000000000800afcc       0x14 build_ak-base-kit-stm32l151-application/shell.o
                0x000000000800afcc                shell_psv(unsigned char*)
 .text._Z11shell_resetPh
                0x000000000800afe0       0x10 build_ak-base-kit-stm32l151-application/shell.o
                0x000000000800afe0                shell_reset(unsigned char*)
 .text._Z10shell_helpPh
                0x000000000800aff0       0x30 build_ak-base-kit-stm32l151-application/shell.o
                0x000000000800aff0                shell_help(unsigned char*)
 .text._Z9shell_verPh
                0x000000000800b020      0x118 build_ak-base-kit-stm32l151-application/shell.o
                0x000000000800b020                shell_ver(unsigned char*)
 .text._Z12shell_rebootPh
                0x000000000800b138       0x10 build_ak-base-kit-stm32l151-application/shell.o
                0x000000000800b138                shell_reboot(unsigned char*)
 .text._ZL10str_parserPc
                0x000000000800b148       0x60 build_ak-base-kit-stm32l151-application/shell.o
 .text._Z11shell_fatalPh
                0x000000000800b1a8      0x2f4 build_ak-base-kit-stm32l151-application/shell.o
                0x000000000800b1a8                shell_fatal(unsigned char*)
 .text._Z11shell_flashPh
                0x000000000800b49c      0x150 build_ak-base-kit-stm32l151-application/shell.o
                0x000000000800b49c                shell_flash(unsigned char*)
 .text._Z9shell_epsPh
                0x000000000800b5ec       0xd0 build_ak-base-kit-stm32l151-application/shell.o
                0x000000000800b5ec                shell_eps(unsigned char*)
 .text._Z9shell_ramPh
                0x000000000800b6bc      0x20c build_ak-base-kit-stm32l151-application/shell.o
                0x000000000800b6bc                shell_ram(unsigned char*)
 .text._Z10shell_bootPh
                0x000000000800b8c8       0xdc build_ak-base-kit-stm32l151-application/shell.o
                0x000000000800b8c8                shell_boot(unsigned char*)
 .text._Z9shell_fwuPh
                0x000000000800b9a4       0x34 build_ak-base-kit-stm32l151-application/shell.o
                0x000000000800b9a4                shell_fwu(unsigned char*)
 .text._Z12shell_buzzerPh
                0x000000000800b9d8       0x88 build_ak-base-kit-stm32l151-application/shell.o
                0x000000000800b9d8                shell_buzzer(unsigned char*)
 .text._Z9shell_dbgPh
                0x000000000800ba60       0x38 build_ak-base-kit-stm32l151-application/shell.o
                0x000000000800ba60                shell_dbg(unsigned char*)
 .text._Z12shell_modbusPh
                0x000000000800ba98       0xe0 build_ak-base-kit-stm32l151-application/shell.o
                0x000000000800ba98                shell_modbus(unsigned char*)
 .text._Z9shell_epiPh
                0x000000000800bb78        0x4 build_ak-base-kit-stm32l151-application/shell.o
                0x000000000800bb78                shell_epi(unsigned char*)
 .text._Z9shell_lcdPh
                0x000000000800bb7c      0x15c build_ak-base-kit-stm32l151-application/shell.o
                0x000000000800bb7c                shell_lcd(unsigned char*)
 .text.sys_irq_shell
                0x000000000800bcd8       0x2c build_ak-base-kit-stm32l151-application/task_shell.o
                0x000000000800bcd8                sys_irq_shell
 .text._Z10task_shellP8ak_msg_t
                0x000000000800bd04       0x7c build_ak-base-kit-stm32l151-application/task_shell.o
                0x000000000800bd04                task_shell(ak_msg_t*)
 .text._Z9task_lifeP8ak_msg_t
                0x000000000800bd80       0x20 build_ak-base-kit-stm32l151-application/task_life.o
                0x000000000800bd80                task_life(ak_msg_t*)
 .text._Z7task_fwP8ak_msg_t
                0x000000000800bda0      0x490 build_ak-base-kit-stm32l151-application/task_fw.o
                0x000000000800bda0                task_fw(ak_msg_t*)
 .text._Z12task_displayP8ak_msg_t
                0x000000000800c230        0x4 build_ak-base-kit-stm32l151-application/task_display.o
                0x000000000800c230                task_display(ak_msg_t*)
 .text._Z7task_ifP8ak_msg_t
                0x000000000800c234       0xe4 build_ak-base-kit-stm32l151-application/task_if.o
                0x000000000800c234                task_if(ak_msg_t*)
 .text._Z12task_rf24_ifP8ak_msg_t
                0x000000000800c318        0x2 build_ak-base-kit-stm32l151-application/task_rf24_if.o
                0x000000000800c318                task_rf24_if(ak_msg_t*)
 *fill*         0x000000000800c31a        0x2 
 .text._Z12task_uart_ifP8ak_msg_t
                0x000000000800c31c       0xc0 build_ak-base-kit-stm32l151-application/task_uart_if.o
                0x000000000800c31c                task_uart_if(ak_msg_t*)
 .text._Z8task_dbgP8ak_msg_t
                0x000000000800c3dc        0x2 build_ak-base-kit-stm32l151-application/task_dbg.o
                0x000000000800c3dc                task_dbg(ak_msg_t*)
 .text._ZL19view_render_dynamicPv
                0x000000000800c3de        0xa build_ak-base-kit-stm32l151-application/view_render.o
 .text._Z22view_render_display_onv
                0x000000000800c3e8        0xc build_ak-base-kit-stm32l151-application/view_render.o
                0x000000000800c3e8                view_render_display_on()
 .text.startup._GLOBAL__sub_I_view_render
                0x000000000800c3f4        0xc build_ak-base-kit-stm32l151-application/view_render.o
 .text.exit._GLOBAL__sub_D_view_render
                0x000000000800c400        0xc build_ak-base-kit-stm32l151-application/view_render.o
 .text._Z18view_render_screenP13view_screen_t
                0x000000000800c40c       0x68 build_ak-base-kit-stm32l151-application/view_render.o
                0x000000000800c40c                view_render_screen(view_screen_t*)
 .text._ZL21view_render_rectanglePv
                0x000000000800c474       0xe8 build_ak-base-kit-stm32l151-application/view_render.o
 .text._Z12scr_mng_ctorP9scr_mng_tPFvP8ak_msg_tEP13view_screen_t
                0x000000000800c55c       0x20 build_ak-base-kit-stm32l151-application/screen_manager.o
                0x000000000800c55c                scr_mng_ctor(scr_mng_t*, void (*)(ak_msg_t*), view_screen_t*)
 .text._Z16scr_mng_dispatchP8ak_msg_t
                0x000000000800c57c       0x48 build_ak-base-kit-stm32l151-application/screen_manager.o
                0x000000000800c57c                scr_mng_dispatch(ak_msg_t*)
 .text._Z12scr_mng_tranPFvP8ak_msg_tEP13view_screen_t
                0x000000000800c5c4       0x44 build_ak-base-kit-stm32l151-application/screen_manager.o
                0x000000000800c5c4                scr_mng_tran(void (*)(ak_msg_t*), view_screen_t*)
 .text._ZN12Adafruit_GFX8drawLineEsssst
                0x000000000800c608       0xbe build_ak-base-kit-stm32l151-application/Adafruit_GFX.o
                0x000000000800c608                Adafruit_GFX::drawLine(short, short, short, short, unsigned short)
 .text._ZN12Adafruit_GFX8drawRectEsssst
                0x000000000800c6c6       0x68 build_ak-base-kit-stm32l151-application/Adafruit_GFX.o
                0x000000000800c6c6                Adafruit_GFX::drawRect(short, short, short, short, unsigned short)
 .text._ZN12Adafruit_GFX13drawFastVLineEssst
                0x000000000800c72e       0x1c build_ak-base-kit-stm32l151-application/Adafruit_GFX.o
                0x000000000800c72e                Adafruit_GFX::drawFastVLine(short, short, short, unsigned short)
 .text._ZN12Adafruit_GFX13drawFastHLineEssst
                0x000000000800c74a       0x1a build_ak-base-kit-stm32l151-application/Adafruit_GFX.o
                0x000000000800c74a                Adafruit_GFX::drawFastHLine(short, short, short, unsigned short)
 .text._ZN12Adafruit_GFX8fillRectEsssst
                0x000000000800c764       0x38 build_ak-base-kit-stm32l151-application/Adafruit_GFX.o
                0x000000000800c764                Adafruit_GFX::fillRect(short, short, short, short, unsigned short)
 .text._ZN12Adafruit_GFX10fillScreenEt
                0x000000000800c79c       0x1c build_ak-base-kit-stm32l151-application/Adafruit_GFX.o
                0x000000000800c79c                Adafruit_GFX::fillScreen(unsigned short)
 .text._ZN12Adafruit_GFXC2Ess
                0x000000000800c7b8       0x28 build_ak-base-kit-stm32l151-application/Adafruit_GFX.o
                0x000000000800c7b8                Adafruit_GFX::Adafruit_GFX(short, short)
                0x000000000800c7b8                Adafruit_GFX::Adafruit_GFX(short, short)
 .text._ZN12Adafruit_GFX10drawCircleEssst
                0x000000000800c7e0      0x172 build_ak-base-kit-stm32l151-application/Adafruit_GFX.o
                0x000000000800c7e0                Adafruit_GFX::drawCircle(short, short, short, unsigned short)
 .text._ZN12Adafruit_GFX16drawCircleHelperEsssht
                0x000000000800c952      0x17a build_ak-base-kit-stm32l151-application/Adafruit_GFX.o
                0x000000000800c952                Adafruit_GFX::drawCircleHelper(short, short, short, unsigned char, unsigned short)
 .text._ZN12Adafruit_GFX16fillCircleHelperEssshst
                0x000000000800cacc      0x124 build_ak-base-kit-stm32l151-application/Adafruit_GFX.o
                0x000000000800cacc                Adafruit_GFX::fillCircleHelper(short, short, short, unsigned char, short, unsigned short)
 .text._ZN12Adafruit_GFX10fillCircleEssst
                0x000000000800cbf0       0x4a build_ak-base-kit-stm32l151-application/Adafruit_GFX.o
                0x000000000800cbf0                Adafruit_GFX::fillCircle(short, short, short, unsigned short)
 .text._ZN12Adafruit_GFX13drawRoundRectEssssst
                0x000000000800cc3a      0x10e build_ak-base-kit-stm32l151-application/Adafruit_GFX.o
                0x000000000800cc3a                Adafruit_GFX::drawRoundRect(short, short, short, short, short, unsigned short)
 .text._ZN12Adafruit_GFX13fillRoundRectEssssst
                0x000000000800cd48       0x88 build_ak-base-kit-stm32l151-application/Adafruit_GFX.o
                0x000000000800cd48                Adafruit_GFX::fillRoundRect(short, short, short, short, short, unsigned short)
 .text._ZN12Adafruit_GFX10drawBitmapEssPKhsst
                0x000000000800cdd0       0x92 build_ak-base-kit-stm32l151-application/Adafruit_GFX.o
                0x000000000800cdd0                Adafruit_GFX::drawBitmap(short, short, unsigned char const*, short, short, unsigned short)
 *fill*         0x000000000800ce62        0x2 
 .text._ZN12Adafruit_GFX8drawCharEsshtth
                0x000000000800ce64      0x108 build_ak-base-kit-stm32l151-application/Adafruit_GFX.o
                0x000000000800ce64                Adafruit_GFX::drawChar(short, short, unsigned char, unsigned short, unsigned short, unsigned char)
 .text._ZN12Adafruit_GFX5writeEh
                0x000000000800cf6c       0x64 build_ak-base-kit-stm32l151-application/Adafruit_GFX.o
                0x000000000800cf6c                Adafruit_GFX::write(unsigned char)
 .text._ZN12Adafruit_GFX9setCursorEss
                0x000000000800cfd0        0x6 build_ak-base-kit-stm32l151-application/Adafruit_GFX.o
                0x000000000800cfd0                Adafruit_GFX::setCursor(short, short)
 .text._ZN12Adafruit_GFX11setTextSizeEh
                0x000000000800cfd6        0xa build_ak-base-kit-stm32l151-application/Adafruit_GFX.o
                0x000000000800cfd6                Adafruit_GFX::setTextSize(unsigned char)
 .text._ZN12Adafruit_GFX12setTextColorEt
                0x000000000800cfe0        0x6 build_ak-base-kit-stm32l151-application/Adafruit_GFX.o
                0x000000000800cfe0                Adafruit_GFX::setTextColor(unsigned short)
 .text._ZN12Adafruit_GFX5widthEv
                0x000000000800cfe6        0x6 build_ak-base-kit-stm32l151-application/Adafruit_GFX.o
                0x000000000800cfe6                Adafruit_GFX::width()
 .text._ZN12Adafruit_GFX6heightEv
                0x000000000800cfec        0x6 build_ak-base-kit-stm32l151-application/Adafruit_GFX.o
                0x000000000800cfec                Adafruit_GFX::height()
 .text._ZN19Adafruit_ssd1306syp9updateRowEii
                0x000000000800cff2       0x1e build_ak-base-kit-stm32l151-application/Adafruit_ssd1306syp.o
                0x000000000800cff2                Adafruit_ssd1306syp::updateRow(int, int)
 .text._ZN19Adafruit_ssd1306syp9drawPixelEsst
                0x000000000800d010       0x52 build_ak-base-kit-stm32l151-application/Adafruit_ssd1306syp.o
                0x000000000800d010                Adafruit_ssd1306syp::drawPixel(short, short, unsigned short)
 *fill*         0x000000000800d062        0x2 
 .text._ZN19Adafruit_ssd1306sypC2Ev
                0x000000000800d064       0x24 build_ak-base-kit-stm32l151-application/Adafruit_ssd1306syp.o
                0x000000000800d064                Adafruit_ssd1306syp::Adafruit_ssd1306syp()
                0x000000000800d064                Adafruit_ssd1306syp::Adafruit_ssd1306syp()
 .text._ZN19Adafruit_ssd1306sypD2Ev
                0x000000000800d088        0x2 build_ak-base-kit-stm32l151-application/Adafruit_ssd1306syp.o
                0x000000000800d088                Adafruit_ssd1306syp::~Adafruit_ssd1306syp()
                0x000000000800d088                Adafruit_ssd1306syp::~Adafruit_ssd1306syp()
 .text._ZN19Adafruit_ssd1306syp5clearEb
                0x000000000800d08a       0x22 build_ak-base-kit-stm32l151-application/Adafruit_ssd1306syp.o
                0x000000000800d08a                Adafruit_ssd1306syp::clear(bool)
 .text._ZN19Adafruit_ssd1306syp9writeByteEh
                0x000000000800d0ac       0x54 build_ak-base-kit-stm32l151-application/Adafruit_ssd1306syp.o
                0x000000000800d0ac                Adafruit_ssd1306syp::writeByte(unsigned char)
 .text._ZN19Adafruit_ssd1306syp8startIICEv
                0x000000000800d100       0x2c build_ak-base-kit-stm32l151-application/Adafruit_ssd1306syp.o
                0x000000000800d100                Adafruit_ssd1306syp::startIIC()
 .text._ZN19Adafruit_ssd1306syp7stopIICEv
                0x000000000800d12c       0x2c build_ak-base-kit-stm32l151-application/Adafruit_ssd1306syp.o
                0x000000000800d12c                Adafruit_ssd1306syp::stopIIC()
 .text._ZN19Adafruit_ssd1306syp12writeCommandEh
                0x000000000800d158       0x2c build_ak-base-kit-stm32l151-application/Adafruit_ssd1306syp.o
                0x000000000800d158                Adafruit_ssd1306syp::writeCommand(unsigned char)
 .text._ZN19Adafruit_ssd1306syp10initializeEv
                0x000000000800d184       0xf4 build_ak-base-kit-stm32l151-application/Adafruit_ssd1306syp.o
                0x000000000800d184                Adafruit_ssd1306syp::initialize()
 .text._ZN19Adafruit_ssd1306syp10display_onEv
                0x000000000800d278        0x6 build_ak-base-kit-stm32l151-application/Adafruit_ssd1306syp.o
                0x000000000800d278                Adafruit_ssd1306syp::display_on()
 .text._ZN19Adafruit_ssd1306syp11display_offEv
                0x000000000800d27e        0x6 build_ak-base-kit-stm32l151-application/Adafruit_ssd1306syp.o
                0x000000000800d27e                Adafruit_ssd1306syp::display_off()
 .text._ZN19Adafruit_ssd1306syp17startDataSequenceEv
                0x000000000800d284       0x1c build_ak-base-kit-stm32l151-application/Adafruit_ssd1306syp.o
                0x000000000800d284                Adafruit_ssd1306syp::startDataSequence()
 .text._ZN19Adafruit_ssd1306syp6updateEv
                0x000000000800d2a0       0x70 build_ak-base-kit-stm32l151-application/Adafruit_ssd1306syp.o
                0x000000000800d2a0                Adafruit_ssd1306syp::update()
 .text._ZN19Adafruit_ssd1306syp9updateRowEi
                0x000000000800d310       0x6c build_ak-base-kit-stm32l151-application/Adafruit_ssd1306syp.o
                0x000000000800d310                Adafruit_ssd1306syp::updateRow(int)
 .text.eeprom_read
                0x000000000800d37c        0x4 build_ak-base-kit-stm32l151-application/eeprom.o
                0x000000000800d37c                eeprom_read
 .text.eeprom_write
                0x000000000800d380        0x4 build_ak-base-kit-stm32l151-application/eeprom.o
                0x000000000800d380                eeprom_write
 .text.eeprom_erase
                0x000000000800d384        0x4 build_ak-base-kit-stm32l151-application/eeprom.o
                0x000000000800d384                eeprom_erase
 .text._ZL19link_hal_write_byteh
                0x000000000800d388        0x2 build_ak-base-kit-stm32l151-application/link_hal.o
 .text._ZL17link_hal_rev_byteh
                0x000000000800d38a        0x4 build_ak-base-kit-stm32l151-application/link_hal.o
 *fill*         0x000000000800d38e        0x2 
 .text._Z23link_hal_reg_write_bytePFhhE
                0x000000000800d390       0x28 build_ak-base-kit-stm32l151-application/link_hal.o
                0x000000000800d390                link_hal_reg_write_byte(unsigned char (*)(unsigned char))
 .text._Z21link_hal_reg_rev_bytePFhhE
                0x000000000800d3b8       0x28 build_ak-base-kit-stm32l151-application/link_hal.o
                0x000000000800d3b8                link_hal_reg_rev_byte(unsigned char (*)(unsigned char))
 .text._ZL21fsm_link_state_handleP8ak_msg_t
                0x000000000800d3e0      0x2b0 build_ak-base-kit-stm32l151-application/link.o
 .text._ZL19fsm_link_state_initP8ak_msg_t
                0x000000000800d690       0x80 build_ak-base-kit-stm32l151-application/link.o
 .text._Z9task_linkP8ak_msg_t
                0x000000000800d710        0xc build_ak-base-kit-stm32l151-application/link.o
                0x000000000800d710                task_link(ak_msg_t*)
 .text._Z23link_init_state_machinev
                0x000000000800d71c       0x2c build_ak-base-kit-stm32l151-application/link.o
                0x000000000800d71c                link_init_state_machine()
 .text._ZL23link_mac_frame_send_reqv
                0x000000000800d748       0x3c build_ak-base-kit-stm32l151-application/link_mac.o
 .text._ZL23link_mac_frame_send_endv
                0x000000000800d784       0x34 build_ak-base-kit-stm32l151-application/link_mac.o
 .text._ZL28link_mac_frame_cals_checksumP16link_mac_frame_t.constprop.0
                0x000000000800d7b8       0x38 build_ak-base-kit-stm32l151-application/link_mac.o
 .text._Z25fsm_link_mac_state_handleP8ak_msg_t
                0x000000000800d7f0      0x2b8 build_ak-base-kit-stm32l151-application/link_mac.o
                0x000000000800d7f0                fsm_link_mac_state_handle(ak_msg_t*)
 .text._Z13task_link_macP8ak_msg_t
                0x000000000800daa8        0xc build_ak-base-kit-stm32l151-application/link_mac.o
                0x000000000800daa8                task_link_mac(ak_msg_t*)
 .text._Z23fsm_link_mac_state_initP8ak_msg_t
                0x000000000800dab4       0x88 build_ak-base-kit-stm32l151-application/link_mac.o
                0x000000000800dab4                fsm_link_mac_state_init(ak_msg_t*)
 .text._ZL26link_phy_frame_write_blockPhm
                0x000000000800db3c       0x1c build_ak-base-kit-stm32l151-application/link_phy.o
 .text._ZL20link_phy_frame_writeP16link_phy_frame_t
                0x000000000800db58       0x1c build_ak-base-kit-stm32l151-application/link_phy.o
 .text._ZL28link_phy_frame_cals_checksumP16link_phy_frame_t
                0x000000000800db74       0x38 build_ak-base-kit-stm32l151-application/link_phy.o
 .text._ZL25link_phy_frame_write_byteh
                0x000000000800dbac        0xc build_ak-base-kit-stm32l151-application/link_phy.o
 .text._ZL26ac_link_phy_frame_rev_byteh
                0x000000000800dbb8      0x100 build_ak-base-kit-stm32l151-application/link_phy.o
 .text._ZL19link_phy_frame_sendv
                0x000000000800dcb8       0x2c build_ak-base-kit-stm32l151-application/link_phy.o
 .text._Z25fsm_link_phy_state_handleP8ak_msg_t
                0x000000000800dce4      0x1f0 build_ak-base-kit-stm32l151-application/link_phy.o
                0x000000000800dce4                fsm_link_phy_state_handle(ak_msg_t*)
 .text._Z13task_link_phyP8ak_msg_t
                0x000000000800ded4        0xc build_ak-base-kit-stm32l151-application/link_phy.o
                0x000000000800ded4                task_link_phy(ak_msg_t*)
 .text._Z23fsm_link_phy_state_initP8ak_msg_t
                0x000000000800dee0       0x90 build_ak-base-kit-stm32l151-application/link_phy.o
                0x000000000800dee0                fsm_link_phy_state_init(ak_msg_t*)
 .text._Z26link_phy_get_send_frame_tov
                0x000000000800df70       0x10 build_ak-base-kit-stm32l151-application/link_phy.o
                0x000000000800df70                link_phy_get_send_frame_to()
 .text._Z13link_pdu_initv
                0x000000000800df80       0x54 build_ak-base-kit-stm32l151-application/link_data.o
                0x000000000800df80                link_pdu_init()
 .text._Z15link_pdu_mallocv
                0x000000000800dfd4       0x24 build_ak-base-kit-stm32l151-application/link_data.o
                0x000000000800dfd4                link_pdu_malloc()
 .text._Z12link_pdu_getm
                0x000000000800dff8       0x3c build_ak-base-kit-stm32l151-application/link_data.o
                0x000000000800dff8                link_pdu_get(unsigned long)
 .text._Z13link_pdu_freem
                0x000000000800e034       0x4c build_ak-base-kit-stm32l151-application/link_data.o