sources/app/screens/scr_archer_game.cpp:51:6:void ar_game_archery_display()	24	static
sources/app/screens/scr_archer_game.cpp:70:6:void ar_game_arrow_display()	40	static
sources/app/screens/scr_archer_game.cpp:83:6:void ar_game_meteoroid_display()	40	static
sources/app/screens/scr_archer_game.cpp:129:6:void ar_game_bang_display()	40	static
sources/app/screens/scr_archer_game.cpp:178:6:void ar_game_level_setup()	8	static
sources/app/screens/scr_archer_game.cpp:184:6:void ar_game_time_tick_setup()	0	static
sources/app/screens/scr_archer_game.cpp:191:6:void ar_game_save_score()	8	static
sources/app/screens/scr_archer_game.cpp:37:6:void ar_game_screen_display()	24	static
sources/app/screens/scr_archer_game.cpp:114:6:void ar_game_border_display()	32	static
sources/app/screens/scr_archer_game.cpp:160:6:void view_scr_archer_game()	8	static
sources/app/screens/scr_archer_game.cpp:173:6:void ar_game_screen_setup()	8	static
sources/app/screens/scr_archer_game.cpp:196:6:void scr_archer_game_handle(ak_msg_t*)	8	static
